Java HotSpot(TM) 64-Bit Server VM (25.102-b14) for bsd-amd64 JRE (1.8.0_102-b14), built on Jun 22 2016 11:42:36 by "java_re" with gcc 4.2.1 (Based on Apple Inc. build 5658) (LLVM build 2336.11.00)
Memory: 4k page, physical 8388608k(385908k free)

/proc/meminfo:

CommandLine flags: -XX:CMSInitiatingOccupancyFraction=50 -XX:CMSMaxAbortablePrecleanTime=6000 -XX:+CMSParallelRemarkEnabled -XX:+CMSScavengeBeforeRemark -XX:ConcGCThreads=4 -XX:GCLogFileSize=20971520 -XX:InitialHeapSize=536870912 -XX:MaxHeapSize=536870912 -XX:MaxTenuringThreshold=8 -XX:NewRatio=3 -XX:NumberOfGCLogFiles=9 -XX:OldPLABSize=16 -XX:-OmitStackTraceInFastThrow -XX:OnOutOfMemoryError=/Users/ewlarson/Rails/betapub/vendor/solr/solr-6.4.2/bin/oom_solr.sh 8983 /Users/ewlarson/Rails/betapub/vendor/solr/solr-6.4.2/server/logs -XX:ParallelGCThreads=4 -XX:+ParallelRefProcEnabled -XX:PretenureSizeThreshold=67108864 -XX:+PrintGC -XX:+PrintGCApplicationStoppedTime -XX:+PrintGCDateStamps -XX:+PrintGCDetails -XX:+PrintGCTimeStamps -XX:+PrintHeapAtGC -XX:+PrintTenuringDistribution -XX:SurvivorRatio=4 -XX:TargetSurvivorRatio=90 -XX:ThreadStackSize=256 -XX:+UseCMSInitiatingOccupancyOnly -XX:+UseCompressedClassPointers -XX:+UseCompressedOops -XX:+UseConcMarkSweepGC -XX:+UseGCLogFileRotation -XX:+UseParNewGC 
2017-03-20T10:27:29.605+0600: 0.189: Total time for which application threads were stopped: 0.0001345 seconds, Stopping threads took: 0.0000151 seconds
2017-03-20T10:27:29.715+0600: 0.300: Total time for which application threads were stopped: 0.0001482 seconds, Stopping threads took: 0.0000169 seconds
2017-03-20T10:27:30.237+0600: 0.821: Total time for which application threads were stopped: 0.0002166 seconds, Stopping threads took: 0.0000149 seconds
2017-03-20T10:27:30.405+0600: 0.989: Total time for which application threads were stopped: 0.0002605 seconds, Stopping threads took: 0.0000168 seconds
2017-03-20T10:27:30.440+0600: 1.024: Total time for which application threads were stopped: 0.0002623 seconds, Stopping threads took: 0.0000366 seconds
2017-03-20T10:27:30.738+0600: 1.322: Total time for which application threads were stopped: 0.0002420 seconds, Stopping threads took: 0.0000165 seconds
2017-03-20T10:27:30.774+0600: 1.358: Total time for which application threads were stopped: 0.0002008 seconds, Stopping threads took: 0.0000152 seconds
2017-03-20T10:27:30.877+0600: 1.461: Total time for which application threads were stopped: 0.0002081 seconds, Stopping threads took: 0.0000144 seconds
2017-03-20T10:27:31.038+0600: 1.622: Total time for which application threads were stopped: 0.0002575 seconds, Stopping threads took: 0.0000279 seconds
2017-03-20T10:27:31.039+0600: 1.623: Total time for which application threads were stopped: 0.0001327 seconds, Stopping threads took: 0.0000090 seconds
2017-03-20T10:27:31.042+0600: 1.626: Total time for which application threads were stopped: 0.0002181 seconds, Stopping threads took: 0.0000635 seconds
2017-03-20T10:27:31.051+0600: 1.635: Total time for which application threads were stopped: 0.0002251 seconds, Stopping threads took: 0.0000243 seconds
2017-03-20T10:27:31.345+0600: 1.929: Total time for which application threads were stopped: 0.0008332 seconds, Stopping threads took: 0.0005112 seconds
{Heap before GC invocations=0 (full 0):
 par new generation   total 109248K, used 87424K [0x00000007a0000000, 0x00000007a8000000, 0x00000007a8000000)
  eden space 87424K, 100% used [0x00000007a0000000, 0x00000007a5560000, 0x00000007a5560000)
  from space 21824K,   0% used [0x00000007a5560000, 0x00000007a5560000, 0x00000007a6ab0000)
  to   space 21824K,   0% used [0x00000007a6ab0000, 0x00000007a6ab0000, 0x00000007a8000000)
 concurrent mark-sweep generation total 393216K, used 0K [0x00000007a8000000, 0x00000007c0000000, 0x00000007c0000000)
 Metaspace       used 20211K, capacity 20572K, committed 20736K, reserved 1067008K
  class space    used 2391K, capacity 2513K, committed 2560K, reserved 1048576K
2017-03-20T10:27:31.439+0600: 2.023: [GC (Allocation Failure) 2017-03-20T10:27:31.439+0600: 2.023: [ParNew
Desired survivor size 20112992 bytes, new threshold 8 (max 8)
- age   1:   12034288 bytes,   12034288 total
: 87424K->11868K(109248K), 0.0507107 secs] 87424K->11868K(502464K), 0.0508549 secs] [Times: user=0.05 sys=0.01, real=0.06 secs] 
Heap after GC invocations=1 (full 0):
 par new generation   total 109248K, used 11868K [0x00000007a0000000, 0x00000007a8000000, 0x00000007a8000000)
  eden space 87424K,   0% used [0x00000007a0000000, 0x00000007a0000000, 0x00000007a5560000)
  from space 21824K,  54% used [0x00000007a6ab0000, 0x00000007a7647208, 0x00000007a8000000)
  to   space 21824K,   0% used [0x00000007a5560000, 0x00000007a5560000, 0x00000007a6ab0000)
 concurrent mark-sweep generation total 393216K, used 0K [0x00000007a8000000, 0x00000007c0000000, 0x00000007c0000000)
 Metaspace       used 20211K, capacity 20572K, committed 20736K, reserved 1067008K
  class space    used 2391K, capacity 2513K, committed 2560K, reserved 1048576K
}
2017-03-20T10:27:31.490+0600: 2.074: Total time for which application threads were stopped: 0.0511741 seconds, Stopping threads took: 0.0000618 seconds
2017-03-20T10:27:31.538+0600: 2.122: Total time for which application threads were stopped: 0.0001022 seconds, Stopping threads took: 0.0000193 seconds
2017-03-20T10:27:31.564+0600: 2.148: Total time for which application threads were stopped: 0.0001229 seconds, Stopping threads took: 0.0000198 seconds
2017-03-20T10:27:31.649+0600: 2.233: Total time for which application threads were stopped: 0.0001696 seconds, Stopping threads took: 0.0000542 seconds
2017-03-20T10:27:31.702+0600: 2.286: Total time for which application threads were stopped: 0.0000933 seconds, Stopping threads took: 0.0000169 seconds
2017-03-20T10:27:31.787+0600: 2.371: Total time for which application threads were stopped: 0.0001025 seconds, Stopping threads took: 0.0000199 seconds
2017-03-20T10:27:31.792+0600: 2.376: Total time for which application threads were stopped: 0.0003067 seconds, Stopping threads took: 0.0000498 seconds
2017-03-20T10:27:31.821+0600: 2.405: Total time for which application threads were stopped: 0.0004398 seconds, Stopping threads took: 0.0000217 seconds
2017-03-20T10:27:31.943+0600: 2.527: Total time for which application threads were stopped: 0.0001594 seconds, Stopping threads took: 0.0000217 seconds
2017-03-20T10:27:31.997+0600: 2.581: Total time for which application threads were stopped: 0.0001277 seconds, Stopping threads took: 0.0000219 seconds
2017-03-20T10:27:32.048+0600: 2.632: Total time for which application threads were stopped: 0.0001577 seconds, Stopping threads took: 0.0000243 seconds
{Heap before GC invocations=1 (full 0):
 par new generation   total 109248K, used 99292K [0x00000007a0000000, 0x00000007a8000000, 0x00000007a8000000)
  eden space 87424K, 100% used [0x00000007a0000000, 0x00000007a5560000, 0x00000007a5560000)
  from space 21824K,  54% used [0x00000007a6ab0000, 0x00000007a7647208, 0x00000007a8000000)
  to   space 21824K,   0% used [0x00000007a5560000, 0x00000007a5560000, 0x00000007a6ab0000)
 concurrent mark-sweep generation total 393216K, used 0K [0x00000007a8000000, 0x00000007c0000000, 0x00000007c0000000)
 Metaspace       used 23029K, capacity 23500K, committed 23952K, reserved 1071104K
  class space    used 2760K, capacity 2895K, committed 3020K, reserved 1048576K
2017-03-20T10:27:32.112+0600: 2.696: [GC (Allocation Failure) 2017-03-20T10:27:32.112+0600: 2.696: [ParNew
Desired survivor size 20112992 bytes, new threshold 8 (max 8)
- age   1:    3382552 bytes,    3382552 total
- age   2:    5746544 bytes,    9129096 total
: 99292K->11177K(109248K), 0.0170203 secs] 99292K->11177K(502464K), 0.0171178 secs] [Times: user=0.05 sys=0.00, real=0.01 secs] 
Heap after GC invocations=2 (full 0):
 par new generation   total 109248K, used 11177K [0x00000007a0000000, 0x00000007a8000000, 0x00000007a8000000)
  eden space 87424K,   0% used [0x00000007a0000000, 0x00000007a0000000, 0x00000007a5560000)
  from space 21824K,  51% used [0x00000007a5560000, 0x00000007a604a650, 0x00000007a6ab0000)
  to   space 21824K,   0% used [0x00000007a6ab0000, 0x00000007a6ab0000, 0x00000007a8000000)
 concurrent mark-sweep generation total 393216K, used 0K [0x00000007a8000000, 0x00000007c0000000, 0x00000007c0000000)
 Metaspace       used 23029K, capacity 23500K, committed 23952K, reserved 1071104K
  class space    used 2760K, capacity 2895K, committed 3020K, reserved 1048576K
}
2017-03-20T10:27:32.129+0600: 2.713: Total time for which application threads were stopped: 0.0173877 seconds, Stopping threads took: 0.0000567 seconds
2017-03-20T10:27:32.129+0600: 2.713: [GC (CMS Initial Mark) [1 CMS-initial-mark: 0K(393216K)] 11193K(502464K), 0.0043122 secs] [Times: user=0.02 sys=0.00, real=0.01 secs] 
2017-03-20T10:27:32.134+0600: 2.718: Total time for which application threads were stopped: 0.0044538 seconds, Stopping threads took: 0.0000444 seconds
2017-03-20T10:27:32.134+0600: 2.718: [CMS-concurrent-mark-start]
2017-03-20T10:27:32.143+0600: 2.727: [CMS-concurrent-mark: 0.010/0.010 secs] [Times: user=0.03 sys=0.01, real=0.01 secs] 
2017-03-20T10:27:32.143+0600: 2.727: [CMS-concurrent-preclean-start]
2017-03-20T10:27:32.145+0600: 2.729: [CMS-concurrent-preclean: 0.001/0.001 secs] [Times: user=0.01 sys=0.00, real=0.00 secs] 
2017-03-20T10:27:32.145+0600: 2.729: [CMS-concurrent-abortable-preclean-start]
2017-03-20T10:27:32.265+0600: 2.849: Total time for which application threads were stopped: 0.0002029 seconds, Stopping threads took: 0.0000305 seconds
2017-03-20T10:27:32.269+0600: 2.853: Total time for which application threads were stopped: 0.0004864 seconds, Stopping threads took: 0.0000295 seconds
2017-03-20T10:27:32.328+0600: 2.912: Total time for which application threads were stopped: 0.0000973 seconds, Stopping threads took: 0.0000184 seconds
2017-03-20T10:27:32.389+0600: 2.973: Total time for which application threads were stopped: 0.0001464 seconds, Stopping threads took: 0.0000428 seconds
2017-03-20T10:27:32.455+0600: 3.039: Total time for which application threads were stopped: 0.0001528 seconds, Stopping threads took: 0.0000211 seconds
2017-03-20T10:27:32.487+0600: 3.071: Total time for which application threads were stopped: 0.0000867 seconds, Stopping threads took: 0.0000167 seconds
2017-03-20T10:27:32.488+0600: 3.072: Total time for which application threads were stopped: 0.0003202 seconds, Stopping threads took: 0.0000109 seconds
2017-03-20T10:27:32.590+0600: 3.174: Total time for which application threads were stopped: 0.0001354 seconds, Stopping threads took: 0.0000385 seconds
2017-03-20T10:27:32.646+0600: 3.230: Total time for which application threads were stopped: 0.0001287 seconds, Stopping threads took: 0.0000244 seconds
2017-03-20T10:27:32.722+0600: 3.305: Total time for which application threads were stopped: 0.0001213 seconds, Stopping threads took: 0.0000228 seconds
2017-03-20T10:27:32.780+0600: 3.364: Total time for which application threads were stopped: 0.0001685 seconds, Stopping threads took: 0.0000469 seconds
2017-03-20T10:27:32.780+0600: 3.364: [CMS-concurrent-abortable-preclean: 0.395/0.635 secs] [Times: user=1.10 sys=0.04, real=0.64 secs] 
2017-03-20T10:27:32.780+0600: 3.364: [GC (CMS Final Remark) [YG occupancy: 61810 K (109248 K)]{Heap before GC invocations=2 (full 1):
 par new generation   total 109248K, used 61810K [0x00000007a0000000, 0x00000007a8000000, 0x00000007a8000000)
  eden space 87424K,  57% used [0x00000007a0000000, 0x00000007a3172368, 0x00000007a5560000)
  from space 21824K,  51% used [0x00000007a5560000, 0x00000007a604a650, 0x00000007a6ab0000)
  to   space 21824K,   0% used [0x00000007a6ab0000, 0x00000007a6ab0000, 0x00000007a8000000)
 concurrent mark-sweep generation total 393216K, used 0K [0x00000007a8000000, 0x00000007c0000000, 0x00000007c0000000)
 Metaspace       used 25941K, capacity 26460K, committed 26864K, reserved 1073152K
  class space    used 3183K, capacity 3329K, committed 3376K, reserved 1048576K
2017-03-20T10:27:32.780+0600: 3.364: [GC (CMS Final Remark) 2017-03-20T10:27:32.780+0600: 3.364: [ParNew
Desired survivor size 20112992 bytes, new threshold 8 (max 8)
- age   1:    3221552 bytes,    3221552 total
- age   2:     578104 bytes,    3799656 total
- age   3:    5739480 bytes,    9539136 total
: 61810K->12823K(109248K), 0.0450629 secs] 61810K->12823K(502464K), 0.0451554 secs] [Times: user=0.03 sys=0.00, real=0.04 secs] 
Heap after GC invocations=3 (full 1):
 par new generation   total 109248K, used 12823K [0x00000007a0000000, 0x00000007a8000000, 0x00000007a8000000)
  eden space 87424K,   0% used [0x00000007a0000000, 0x00000007a0000000, 0x00000007a5560000)
  from space 21824K,  58% used [0x00000007a6ab0000, 0x00000007a7735ef0, 0x00000007a8000000)
  to   space 21824K,   0% used [0x00000007a5560000, 0x00000007a5560000, 0x00000007a6ab0000)
 concurrent mark-sweep generation total 393216K, used 0K [0x00000007a8000000, 0x00000007c0000000, 0x00000007c0000000)
 Metaspace       used 25941K, capacity 26460K, committed 26864K, reserved 1073152K
  class space    used 3183K, capacity 3329K, committed 3376K, reserved 1048576K
}
2017-03-20T10:27:32.825+0600: 3.409: [Rescan (parallel) , 0.0098783 secs]2017-03-20T10:27:32.835+0600: 3.419: [weak refs processing, 0.0020929 secs]2017-03-20T10:27:32.837+0600: 3.421: [class unloading, 0.0043177 secs]2017-03-20T10:27:32.842+0600: 3.426: [scrub symbol table, 0.0079176 secs]2017-03-20T10:27:32.850+0600: 3.434: [scrub string table, 0.0006062 secs][1 CMS-remark: 0K(393216K)] 12823K(502464K), 0.0714624 secs] [Times: user=0.06 sys=0.00, real=0.07 secs] 
2017-03-20T10:27:32.852+0600: 3.436: Total time for which application threads were stopped: 0.0716413 seconds, Stopping threads took: 0.0000871 seconds
2017-03-20T10:27:32.852+0600: 3.436: [CMS-concurrent-sweep-start]
2017-03-20T10:27:32.853+0600: 3.437: [CMS-concurrent-sweep: 0.001/0.001 secs] [Times: user=0.00 sys=0.00, real=0.00 secs] 
2017-03-20T10:27:32.853+0600: 3.437: [CMS-concurrent-reset-start]
2017-03-20T10:27:32.857+0600: 3.441: [CMS-concurrent-reset: 0.004/0.004 secs] [Times: user=0.01 sys=0.00, real=0.00 secs] 
2017-03-20T10:27:33.316+0600: 3.900: Total time for which application threads were stopped: 0.0005354 seconds, Stopping threads took: 0.0000242 seconds
2017-03-20T10:27:33.535+0600: 4.119: Total time for which application threads were stopped: 0.0004368 seconds, Stopping threads took: 0.0000250 seconds
2017-03-20T10:27:33.763+0600: 4.347: Total time for which application threads were stopped: 0.0004993 seconds, Stopping threads took: 0.0000222 seconds
{Heap before GC invocations=3 (full 1):
 par new generation   total 109248K, used 100247K [0x00000007a0000000, 0x00000007a8000000, 0x00000007a8000000)
  eden space 87424K, 100% used [0x00000007a0000000, 0x00000007a5560000, 0x00000007a5560000)
  from space 21824K,  58% used [0x00000007a6ab0000, 0x00000007a7735ef0, 0x00000007a8000000)
  to   space 21824K,   0% used [0x00000007a5560000, 0x00000007a5560000, 0x00000007a6ab0000)
 concurrent mark-sweep generation total 393216K, used 0K [0x00000007a8000000, 0x00000007c0000000, 0x00000007c0000000)
 Metaspace       used 28960K, capacity 29426K, committed 29744K, reserved 1075200K
  class space    used 3485K, capacity 3630K, committed 3632K, reserved 1048576K
2017-03-20T10:27:34.246+0600: 4.830: [GC (Allocation Failure) 2017-03-20T10:27:34.246+0600: 4.830: [ParNew
Desired survivor size 20112992 bytes, new threshold 8 (max 8)
- age   1:    3811032 bytes,    3811032 total
- age   2:     692064 bytes,    4503096 total
- age   3:     569736 bytes,    5072832 total
- age   4:    5702032 bytes,   10774864 total
: 100247K->12668K(109248K), 0.0660397 secs] 100247K->12668K(502464K), 0.0661332 secs] [Times: user=0.09 sys=0.01, real=0.07 secs] 
Heap after GC invocations=4 (full 1):
 par new generation   total 109248K, used 12668K [0x00000007a0000000, 0x00000007a8000000, 0x00000007a8000000)
  eden space 87424K,   0% used [0x00000007a0000000, 0x00000007a0000000, 0x00000007a5560000)
  from space 21824K,  58% used [0x00000007a5560000, 0x00000007a61bf3a0, 0x00000007a6ab0000)
  to   space 21824K,   0% used [0x00000007a6ab0000, 0x00000007a6ab0000, 0x00000007a8000000)
 concurrent mark-sweep generation total 393216K, used 0K [0x00000007a8000000, 0x00000007c0000000, 0x00000007c0000000)
 Metaspace       used 28960K, capacity 29426K, committed 29744K, reserved 1075200K
  class space    used 3485K, capacity 3630K, committed 3632K, reserved 1048576K
}
2017-03-20T10:27:34.312+0600: 4.896: Total time for which application threads were stopped: 0.0663929 seconds, Stopping threads took: 0.0000263 seconds
{Heap before GC invocations=4 (full 1):
 par new generation   total 109248K, used 100092K [0x00000007a0000000, 0x00000007a8000000, 0x00000007a8000000)
  eden space 87424K, 100% used [0x00000007a0000000, 0x00000007a5560000, 0x00000007a5560000)
  from space 21824K,  58% used [0x00000007a5560000, 0x00000007a61bf3a0, 0x00000007a6ab0000)
  to   space 21824K,   0% used [0x00000007a6ab0000, 0x00000007a6ab0000, 0x00000007a8000000)
 concurrent mark-sweep generation total 393216K, used 0K [0x00000007a8000000, 0x00000007c0000000, 0x00000007c0000000)
 Metaspace       used 28966K, capacity 29490K, committed 29744K, reserved 1075200K
  class space    used 3485K, capacity 3630K, committed 3632K, reserved 1048576K
2017-03-20T10:27:34.735+0600: 5.319: [GC (Allocation Failure) 2017-03-20T10:27:34.735+0600: 5.319: [ParNew
Desired survivor size 20112992 bytes, new threshold 8 (max 8)
- age   1:      23744 bytes,      23744 total
- age   2:    1119560 bytes,    1143304 total
- age   3:     688152 bytes,    1831456 total
- age   4:     569712 bytes,    2401168 total
- age   5:    5701184 bytes,    8102352 total
: 100092K->13949K(109248K), 0.0377402 secs] 100092K->13949K(502464K), 0.0378620 secs] [Times: user=0.06 sys=0.00, real=0.04 secs] 
Heap after GC invocations=5 (full 1):
 par new generation   total 109248K, used 13949K [0x00000007a0000000, 0x00000007a8000000, 0x00000007a8000000)
  eden space 87424K,   0% used [0x00000007a0000000, 0x00000007a0000000, 0x00000007a5560000)
  from space 21824K,  63% used [0x00000007a6ab0000, 0x00000007a784f470, 0x00000007a8000000)
  to   space 21824K,   0% used [0x00000007a5560000, 0x00000007a5560000, 0x00000007a6ab0000)
 concurrent mark-sweep generation total 393216K, used 0K [0x00000007a8000000, 0x00000007c0000000, 0x00000007c0000000)
 Metaspace       used 28966K, capacity 29490K, committed 29744K, reserved 1075200K
  class space    used 3485K, capacity 3630K, committed 3632K, reserved 1048576K
}
2017-03-20T10:27:34.773+0600: 5.356: Total time for which application threads were stopped: 0.0381274 seconds, Stopping threads took: 0.0000278 seconds
{Heap before GC invocations=5 (full 1):
 par new generation   total 109248K, used 101373K [0x00000007a0000000, 0x00000007a8000000, 0x00000007a8000000)
  eden space 87424K, 100% used [0x00000007a0000000, 0x00000007a5560000, 0x00000007a5560000)
  from space 21824K,  63% used [0x00000007a6ab0000, 0x00000007a784f470, 0x00000007a8000000)
  to   space 21824K,   0% used [0x00000007a5560000, 0x00000007a5560000, 0x00000007a6ab0000)
 concurrent mark-sweep generation total 393216K, used 0K [0x00000007a8000000, 0x00000007c0000000, 0x00000007c0000000)
 Metaspace       used 28998K, capacity 29490K, committed 29744K, reserved 1075200K
  class space    used 3485K, capacity 3630K, committed 3632K, reserved 1048576K
2017-03-20T10:27:35.146+0600: 5.730: [GC (Allocation Failure) 2017-03-20T10:27:35.146+0600: 5.730: [ParNew
Desired survivor size 20112992 bytes, new threshold 8 (max 8)
- age   1:      11464 bytes,      11464 total
- age   2:      15808 bytes,      27272 total
- age   3:    1118832 bytes,    1146104 total
- age   4:     688152 bytes,    1834256 total
- age   5:     569712 bytes,    2403968 total
- age   6:    5701936 bytes,    8105904 total
: 101373K->8605K(109248K), 0.0176519 secs] 101373K->8605K(502464K), 0.0177368 secs] [Times: user=0.05 sys=0.00, real=0.02 secs] 
Heap after GC invocations=6 (full 1):
 par new generation   total 109248K, used 8605K [0x00000007a0000000, 0x00000007a8000000, 0x00000007a8000000)
  eden space 87424K,   0% used [0x00000007a0000000, 0x00000007a0000000, 0x00000007a5560000)
  from space 21824K,  39% used [0x00000007a5560000, 0x00000007a5dc7780, 0x00000007a6ab0000)
  to   space 21824K,   0% used [0x00000007a6ab0000, 0x00000007a6ab0000, 0x00000007a8000000)
 concurrent mark-sweep generation total 393216K, used 0K [0x00000007a8000000, 0x00000007c0000000, 0x00000007c0000000)
 Metaspace       used 28998K, capacity 29490K, committed 29744K, reserved 1075200K
  class space    used 3485K, capacity 3630K, committed 3632K, reserved 1048576K
}
2017-03-20T10:27:35.163+0600: 5.747: Total time for which application threads were stopped: 0.0180011 seconds, Stopping threads took: 0.0000248 seconds
2017-03-20T10:27:35.196+0600: 5.780: Total time for which application threads were stopped: 0.0001656 seconds, Stopping threads took: 0.0000710 seconds
{Heap before GC invocations=6 (full 1):
 par new generation   total 109248K, used 96029K [0x00000007a0000000, 0x00000007a8000000, 0x00000007a8000000)
  eden space 87424K, 100% used [0x00000007a0000000, 0x00000007a5560000, 0x00000007a5560000)
  from space 21824K,  39% used [0x00000007a5560000, 0x00000007a5dc7780, 0x00000007a6ab0000)
  to   space 21824K,   0% used [0x00000007a6ab0000, 0x00000007a6ab0000, 0x00000007a8000000)
 concurrent mark-sweep generation total 393216K, used 0K [0x00000007a8000000, 0x00000007c0000000, 0x00000007c0000000)
 Metaspace       used 29002K, capacity 29490K, committed 29744K, reserved 1075200K
  class space    used 3485K, capacity 3630K, committed 3632K, reserved 1048576K
2017-03-20T10:27:35.338+0600: 5.922: [GC (Allocation Failure) 2017-03-20T10:27:35.338+0600: 5.922: [ParNew
Desired survivor size 20112992 bytes, new threshold 8 (max 8)
- age   1:      19624 bytes,      19624 total
- age   2:       5520 bytes,      25144 total
- age   3:      14000 bytes,      39144 total
- age   4:    1115112 bytes,    1154256 total
- age   5:     688152 bytes,    1842408 total
- age   6:     569712 bytes,    2412120 total
- age   7:    5700936 bytes,    8113056 total
: 96029K->14024K(109248K), 0.0170012 secs] 96029K->14024K(502464K), 0.0170900 secs] [Times: user=0.04 sys=0.00, real=0.02 secs] 
Heap after GC invocations=7 (full 1):
 par new generation   total 109248K, used 14024K [0x00000007a0000000, 0x00000007a8000000, 0x00000007a8000000)
  eden space 87424K,   0% used [0x00000007a0000000, 0x00000007a0000000, 0x00000007a5560000)
  from space 21824K,  64% used [0x00000007a6ab0000, 0x00000007a7862100, 0x00000007a8000000)
  to   space 21824K,   0% used [0x00000007a5560000, 0x00000007a5560000, 0x00000007a6ab0000)
 concurrent mark-sweep generation total 393216K, used 0K [0x00000007a8000000, 0x00000007c0000000, 0x00000007c0000000)
 Metaspace       used 29002K, capacity 29490K, committed 29744K, reserved 1075200K
  class space    used 3485K, capacity 3630K, committed 3632K, reserved 1048576K
}
2017-03-20T10:27:35.355+0600: 5.939: Total time for which application threads were stopped: 0.0173585 seconds, Stopping threads took: 0.0000222 seconds
{Heap before GC invocations=7 (full 1):
 par new generation   total 109248K, used 101448K [0x00000007a0000000, 0x00000007a8000000, 0x00000007a8000000)
  eden space 87424K, 100% used [0x00000007a0000000, 0x00000007a5560000, 0x00000007a5560000)
  from space 21824K,  64% used [0x00000007a6ab0000, 0x00000007a7862100, 0x00000007a8000000)
  to   space 21824K,   0% used [0x00000007a5560000, 0x00000007a5560000, 0x00000007a6ab0000)
 concurrent mark-sweep generation total 393216K, used 0K [0x00000007a8000000, 0x00000007c0000000, 0x00000007c0000000)
 Metaspace       used 29002K, capacity 29490K, committed 29744K, reserved 1075200K
  class space    used 3485K, capacity 3630K, committed 3632K, reserved 1048576K
2017-03-20T10:27:35.512+0600: 6.096: [GC (Allocation Failure) 2017-03-20T10:27:35.512+0600: 6.096: [ParNew
Desired survivor size 20112992 bytes, new threshold 8 (max 8)
- age   1:      22016 bytes,      22016 total
- age   2:      12584 bytes,      34600 total
- age   3:       2856 bytes,      37456 total
- age   4:       8192 bytes,      45648 total
- age   5:    1115112 bytes,    1160760 total
- age   6:     688152 bytes,    1848912 total
- age   7:     569712 bytes,    2418624 total
- age   8:    5700936 bytes,    8119560 total
: 101448K->10267K(109248K), 0.0105559 secs] 101448K->10267K(502464K), 0.0106313 secs] [Times: user=0.04 sys=0.00, real=0.01 secs] 
Heap after GC invocations=8 (full 1):
 par new generation   total 109248K, used 10267K [0x00000007a0000000, 0x00000007a8000000, 0x00000007a8000000)
  eden space 87424K,   0% used [0x00000007a0000000, 0x00000007a0000000, 0x00000007a5560000)
  from space 21824K,  47% used [0x00000007a5560000, 0x00000007a5f66f40, 0x00000007a6ab0000)
  to   space 21824K,   0% used [0x00000007a6ab0000, 0x00000007a6ab0000, 0x00000007a8000000)
 concurrent mark-sweep generation total 393216K, used 0K [0x00000007a8000000, 0x00000007c0000000, 0x00000007c0000000)
 Metaspace       used 29002K, capacity 29490K, committed 29744K, reserved 1075200K
  class space    used 3485K, capacity 3630K, committed 3632K, reserved 1048576K
}
2017-03-20T10:27:35.523+0600: 6.107: Total time for which application threads were stopped: 0.0108809 seconds, Stopping threads took: 0.0000308 seconds
{Heap before GC invocations=8 (full 1):
 par new generation   total 109248K, used 97691K [0x00000007a0000000, 0x00000007a8000000, 0x00000007a8000000)
  eden space 87424K, 100% used [0x00000007a0000000, 0x00000007a5560000, 0x00000007a5560000)
  from space 21824K,  47% used [0x00000007a5560000, 0x00000007a5f66f40, 0x00000007a6ab0000)
  to   space 21824K,   0% used [0x00000007a6ab0000, 0x00000007a6ab0000, 0x00000007a8000000)
 concurrent mark-sweep generation total 393216K, used 0K [0x00000007a8000000, 0x00000007c0000000, 0x00000007c0000000)
 Metaspace       used 29011K, capacity 29490K, committed 29744K, reserved 1075200K
  class space    used 3485K, capacity 3630K, committed 3632K, reserved 1048576K
2017-03-20T10:27:35.689+0600: 6.273: [GC (Allocation Failure) 2017-03-20T10:27:35.689+0600: 6.273: [ParNew
Desired survivor size 20112992 bytes, new threshold 8 (max 8)
- age   1:       8872 bytes,       8872 total
- age   2:      20488 bytes,      29360 total
- age   3:       9824 bytes,      39184 total
- age   4:       2856 bytes,      42040 total
- age   5:       8072 bytes,      50112 total
- age   6:    1114704 bytes,    1164816 total
- age   7:     688152 bytes,    1852968 total
- age   8:     569712 bytes,    2422680 total
: 97691K->3906K(109248K), 0.0443390 secs] 97691K->10121K(502464K), 0.0444923 secs] [Times: user=0.10 sys=0.01, real=0.05 secs] 
Heap after GC invocations=9 (full 1):
 par new generation   total 109248K, used 3906K [0x00000007a0000000, 0x00000007a8000000, 0x00000007a8000000)
  eden space 87424K,   0% used [0x00000007a0000000, 0x00000007a0000000, 0x00000007a5560000)
  from space 21824K,  17% used [0x00000007a6ab0000, 0x00000007a6e80ba0, 0x00000007a8000000)
  to   space 21824K,   0% used [0x00000007a5560000, 0x00000007a5560000, 0x00000007a6ab0000)
 concurrent mark-sweep generation total 393216K, used 6214K [0x00000007a8000000, 0x00000007c0000000, 0x00000007c0000000)
 Metaspace       used 29011K, capacity 29490K, committed 29744K, reserved 1075200K
  class space    used 3485K, capacity 3630K, committed 3632K, reserved 1048576K
}
2017-03-20T10:27:35.734+0600: 6.317: Total time for which application threads were stopped: 0.0448003 seconds, Stopping threads took: 0.0000227 seconds
{Heap before GC invocations=9 (full 1):
 par new generation   total 109248K, used 91330K [0x00000007a0000000, 0x00000007a8000000, 0x00000007a8000000)
  eden space 87424K, 100% used [0x00000007a0000000, 0x00000007a5560000, 0x00000007a5560000)
  from space 21824K,  17% used [0x00000007a6ab0000, 0x00000007a6e80ba0, 0x00000007a8000000)
  to   space 21824K,   0% used [0x00000007a5560000, 0x00000007a5560000, 0x00000007a6ab0000)
 concurrent mark-sweep generation total 393216K, used 6214K [0x00000007a8000000, 0x00000007c0000000, 0x00000007c0000000)
 Metaspace       used 29011K, capacity 29490K, committed 29744K, reserved 1075200K
  class space    used 3485K, capacity 3630K, committed 3632K, reserved 1048576K
2017-03-20T10:27:35.991+0600: 6.575: [GC (Allocation Failure) 2017-03-20T10:27:35.991+0600: 6.575: [ParNew
Desired survivor size 20112992 bytes, new threshold 8 (max 8)
- age   1:      27712 bytes,      27712 total
- age   2:       4504 bytes,      32216 total
- age   3:      11344 bytes,      43560 total
- age   4:       4928 bytes,      48488 total
- age   5:       2856 bytes,      51344 total
- age   6:       7832 bytes,      59176 total
- age   7:    1114680 bytes,    1173856 total
- age   8:     688152 bytes,    1862008 total
: 91330K->2744K(109248K), 0.0197910 secs] 97545K->9530K(502464K), 0.0198891 secs] [Times: user=0.03 sys=0.00, real=0.02 secs] 
Heap after GC invocations=10 (full 1):
 par new generation   total 109248K, used 2744K [0x00000007a0000000, 0x00000007a8000000, 0x00000007a8000000)
  eden space 87424K,   0% used [0x00000007a0000000, 0x00000007a0000000, 0x00000007a5560000)
  from space 21824K,  12% used [0x00000007a5560000, 0x00000007a580e150, 0x00000007a6ab0000)
  to   space 21824K,   0% used [0x00000007a6ab0000, 0x00000007a6ab0000, 0x00000007a8000000)
 concurrent mark-sweep generation total 393216K, used 6786K [0x00000007a8000000, 0x00000007c0000000, 0x00000007c0000000)
 Metaspace       used 29011K, capacity 29490K, committed 29744K, reserved 1075200K
  class space    used 3485K, capacity 3630K, committed 3632K, reserved 1048576K
}
2017-03-20T10:27:36.011+0600: 6.595: Total time for which application threads were stopped: 0.0201027 seconds, Stopping threads took: 0.0000279 seconds
{Heap before GC invocations=10 (full 1):
 par new generation   total 109248K, used 90168K [0x00000007a0000000, 0x00000007a8000000, 0x00000007a8000000)
  eden space 87424K, 100% used [0x00000007a0000000, 0x00000007a5560000, 0x00000007a5560000)
  from space 21824K,  12% used [0x00000007a5560000, 0x00000007a580e150, 0x00000007a6ab0000)
  to   space 21824K,   0% used [0x00000007a6ab0000, 0x00000007a6ab0000, 0x00000007a8000000)
 concurrent mark-sweep generation total 393216K, used 6786K [0x00000007a8000000, 0x00000007c0000000, 0x00000007c0000000)
 Metaspace       used 29015K, capacity 29490K, committed 29744K, reserved 1075200K
  class space    used 3486K, capacity 3630K, committed 3632K, reserved 1048576K
2017-03-20T10:27:36.261+0600: 6.845: [GC (Allocation Failure) 2017-03-20T10:27:36.261+0600: 6.845: [ParNew
Desired survivor size 20112992 bytes, new threshold 8 (max 8)
- age   1:       8952 bytes,       8952 total
- age   2:      22264 bytes,      31216 total
- age   3:       4504 bytes,      35720 total
- age   4:      11344 bytes,      47064 total
- age   5:       2584 bytes,      49648 total
- age   6:       2856 bytes,      52504 total
- age   7:       7832 bytes,      60336 total
- age   8:    1114656 bytes,    1174992 total
: 90168K->1508K(109248K), 0.0148814 secs] 96954K->8981K(502464K), 0.0149702 secs] [Times: user=0.02 sys=0.00, real=0.01 secs] 
Heap after GC invocations=11 (full 1):
 par new generation   total 109248K, used 1508K [0x00000007a0000000, 0x00000007a8000000, 0x00000007a8000000)
  eden space 87424K,   0% used [0x00000007a0000000, 0x00000007a0000000, 0x00000007a5560000)
  from space 21824K,   6% used [0x00000007a6ab0000, 0x00000007a6c292f0, 0x00000007a8000000)
  to   space 21824K,   0% used [0x00000007a5560000, 0x00000007a5560000, 0x00000007a6ab0000)
 concurrent mark-sweep generation total 393216K, used 7472K [0x00000007a8000000, 0x00000007c0000000, 0x00000007c0000000)
 Metaspace       used 29015K, capacity 29490K, committed 29744K, reserved 1075200K
  class space    used 3486K, capacity 3630K, committed 3632K, reserved 1048576K
}
2017-03-20T10:27:36.276+0600: 6.860: Total time for which application threads were stopped: 0.0152214 seconds, Stopping threads took: 0.0000460 seconds
{Heap before GC invocations=11 (full 1):
 par new generation   total 109248K, used 88932K [0x00000007a0000000, 0x00000007a8000000, 0x00000007a8000000)
  eden space 87424K, 100% used [0x00000007a0000000, 0x00000007a5560000, 0x00000007a5560000)
  from space 21824K,   6% used [0x00000007a6ab0000, 0x00000007a6c292f0, 0x00000007a8000000)
  to   space 21824K,   0% used [0x00000007a5560000, 0x00000007a5560000, 0x00000007a6ab0000)
 concurrent mark-sweep generation total 393216K, used 7472K [0x00000007a8000000, 0x00000007c0000000, 0x00000007c0000000)
 Metaspace       used 29015K, capacity 29490K, committed 29744K, reserved 1075200K
  class space    used 3486K, capacity 3630K, committed 3632K, reserved 1048576K
2017-03-20T10:27:36.756+0600: 7.340: [GC (Allocation Failure) 2017-03-20T10:27:36.757+0600: 7.340: [ParNew
Desired survivor size 20112992 bytes, new threshold 8 (max 8)
- age   1:      14952 bytes,      14952 total
- age   2:       3952 bytes,      18904 total
- age   3:      20024 bytes,      38928 total
- age   4:       4504 bytes,      43432 total
- age   5:      11344 bytes,      54776 total
- age   6:       2584 bytes,      57360 total
- age   7:       2856 bytes,      60216 total
- age   8:       7832 bytes,      68048 total
: 88932K->631K(109248K), 0.0277324 secs] 96405K->9216K(502464K), 0.0278517 secs] [Times: user=0.04 sys=0.01, real=0.03 secs] 
Heap after GC invocations=12 (full 1):
 par new generation   total 109248K, used 631K [0x00000007a0000000, 0x00000007a8000000, 0x00000007a8000000)
  eden space 87424K,   0% used [0x00000007a0000000, 0x00000007a0000000, 0x00000007a5560000)
  from space 21824K,   2% used [0x00000007a5560000, 0x00000007a55fdf00, 0x00000007a6ab0000)
  to   space 21824K,   0% used [0x00000007a6ab0000, 0x00000007a6ab0000, 0x00000007a8000000)
 concurrent mark-sweep generation total 393216K, used 8584K [0x00000007a8000000, 0x00000007c0000000, 0x00000007c0000000)
 Metaspace       used 29015K, capacity 29490K, committed 29744K, reserved 1075200K
  class space    used 3486K, capacity 3630K, committed 3632K, reserved 1048576K
}
2017-03-20T10:27:36.784+0600: 7.368: Total time for which application threads were stopped: 0.0281149 seconds, Stopping threads took: 0.0000460 seconds
2017-03-20T10:27:37.235+0600: 7.819: Total time for which application threads were stopped: 0.0007084 seconds, Stopping threads took: 0.0000466 seconds
2017-03-20T10:27:38.240+0600: 8.824: Total time for which application threads were stopped: 0.0005112 seconds, Stopping threads took: 0.0003211 seconds
{Heap before GC invocations=12 (full 1):
 par new generation   total 109248K, used 88055K [0x00000007a0000000, 0x00000007a8000000, 0x00000007a8000000)
  eden space 87424K, 100% used [0x00000007a0000000, 0x00000007a5560000, 0x00000007a5560000)
  from space 21824K,   2% used [0x00000007a5560000, 0x00000007a55fdf00, 0x00000007a6ab0000)
  to   space 21824K,   0% used [0x00000007a6ab0000, 0x00000007a6ab0000, 0x00000007a8000000)
 concurrent mark-sweep generation total 393216K, used 8584K [0x00000007a8000000, 0x00000007c0000000, 0x00000007c0000000)
 Metaspace       used 29132K, capacity 29618K, committed 30000K, reserved 1075200K
  class space    used 3490K, capacity 3630K, committed 3632K, reserved 1048576K
2017-03-20T10:27:38.612+0600: 9.195: [GC (Allocation Failure) 2017-03-20T10:27:38.612+0600: 9.195: [ParNew
Desired survivor size 20112992 bytes, new threshold 8 (max 8)
- age   1:    1587984 bytes,    1587984 total
- age   2:       6816 bytes,    1594800 total
- age   3:       3952 bytes,    1598752 total
- age   4:      20024 bytes,    1618776 total
- age   5:       4504 bytes,    1623280 total
- age   6:      11344 bytes,    1634624 total
- age   7:       2584 bytes,    1637208 total
- age   8:       2856 bytes,    1640064 total
: 88055K->1701K(109248K), 0.0073844 secs] 96640K->10294K(502464K), 0.0074776 secs] [Times: user=0.02 sys=0.00, real=0.00 secs] 
Heap after GC invocations=13 (full 1):
 par new generation   total 109248K, used 1701K [0x00000007a0000000, 0x00000007a8000000, 0x00000007a8000000)
  eden space 87424K,   0% used [0x00000007a0000000, 0x00000007a0000000, 0x00000007a5560000)
  from space 21824K,   7% used [0x00000007a6ab0000, 0x00000007a6c597d8, 0x00000007a8000000)
  to   space 21824K,   0% used [0x00000007a5560000, 0x00000007a5560000, 0x00000007a6ab0000)
 concurrent mark-sweep generation total 393216K, used 8592K [0x00000007a8000000, 0x00000007c0000000, 0x00000007c0000000)
 Metaspace       used 29132K, capacity 29618K, committed 30000K, reserved 1075200K
  class space    used 3490K, capacity 3630K, committed 3632K, reserved 1048576K
}
2017-03-20T10:27:38.619+0600: 9.203: Total time for which application threads were stopped: 0.0079024 seconds, Stopping threads took: 0.0002233 seconds
2017-03-20T10:27:39.624+0600: 10.208: Total time for which application threads were stopped: 0.0029667 seconds, Stopping threads took: 0.0027636 seconds
{Heap before GC invocations=13 (full 1):
 par new generation   total 109248K, used 89125K [0x00000007a0000000, 0x00000007a8000000, 0x00000007a8000000)
  eden space 87424K, 100% used [0x00000007a0000000, 0x00000007a5560000, 0x00000007a5560000)
  from space 21824K,   7% used [0x00000007a6ab0000, 0x00000007a6c597d8, 0x00000007a8000000)
  to   space 21824K,   0% used [0x00000007a5560000, 0x00000007a5560000, 0x00000007a6ab0000)
 concurrent mark-sweep generation total 393216K, used 8592K [0x00000007a8000000, 0x00000007c0000000, 0x00000007c0000000)
 Metaspace       used 29134K, capacity 29618K, committed 30000K, reserved 1075200K
  class space    used 3490K, capacity 3630K, committed 3632K, reserved 1048576K
2017-03-20T10:27:39.748+0600: 10.332: [GC (Allocation Failure) 2017-03-20T10:27:39.748+0600: 10.332: [ParNew
Desired survivor size 20112992 bytes, new threshold 8 (max 8)
- age   1:    4898448 bytes,    4898448 total
- age   2:    1222656 bytes,    6121104 total
- age   3:       6816 bytes,    6127920 total
- age   4:       3952 bytes,    6131872 total
- age   5:      20024 bytes,    6151896 total
- age   6:       4504 bytes,    6156400 total
- age   7:      11344 bytes,    6167744 total
- age   8:       2584 bytes,    6170328 total
: 89125K->6122K(109248K), 0.0166565 secs] 97718K->14717K(502464K), 0.0167638 secs] [Times: user=0.04 sys=0.01, real=0.02 secs] 
Heap after GC invocations=14 (full 1):
 par new generation   total 109248K, used 6122K [0x00000007a0000000, 0x00000007a8000000, 0x00000007a8000000)
  eden space 87424K,   0% used [0x00000007a0000000, 0x00000007a0000000, 0x00000007a5560000)
  from space 21824K,  28% used [0x00000007a5560000, 0x00000007a5b5a898, 0x00000007a6ab0000)
  to   space 21824K,   0% used [0x00000007a6ab0000, 0x00000007a6ab0000, 0x00000007a8000000)
 concurrent mark-sweep generation total 393216K, used 8594K [0x00000007a8000000, 0x00000007c0000000, 0x00000007c0000000)
 Metaspace       used 29134K, capacity 29618K, committed 30000K, reserved 1075200K
  class space    used 3490K, capacity 3630K, committed 3632K, reserved 1048576K
}
2017-03-20T10:27:39.765+0600: 10.349: Total time for which application threads were stopped: 0.0170095 seconds, Stopping threads took: 0.0000438 seconds
{Heap before GC invocations=14 (full 1):
 par new generation   total 109248K, used 93546K [0x00000007a0000000, 0x00000007a8000000, 0x00000007a8000000)
  eden space 87424K, 100% used [0x00000007a0000000, 0x00000007a5560000, 0x00000007a5560000)
  from space 21824K,  28% used [0x00000007a5560000, 0x00000007a5b5a898, 0x00000007a6ab0000)
  to   space 21824K,   0% used [0x00000007a6ab0000, 0x00000007a6ab0000, 0x00000007a8000000)
 concurrent mark-sweep generation total 393216K, used 8594K [0x00000007a8000000, 0x00000007c0000000, 0x00000007c0000000)
 Metaspace       used 29135K, capacity 29618K, committed 30000K, reserved 1075200K
  class space    used 3490K, capacity 3630K, committed 3632K, reserved 1048576K
2017-03-20T10:27:40.380+0600: 10.964: [GC (Allocation Failure) 2017-03-20T10:27:40.380+0600: 10.964: [ParNew
Desired survivor size 20112992 bytes, new threshold 8 (max 8)
- age   1:    7612672 bytes,    7612672 total
- age   2:    1921384 bytes,    9534056 total
- age   3:    1221400 bytes,   10755456 total
- age   4:       6816 bytes,   10762272 total
- age   5:       3952 bytes,   10766224 total
- age   6:      20024 bytes,   10786248 total
- age   7:       4504 bytes,   10790752 total
- age   8:      11344 bytes,   10802096 total
: 93546K->10578K(109248K), 0.0068180 secs] 102141K->19176K(502464K), 0.0068840 secs] [Times: user=0.01 sys=0.00, real=0.00 secs] 
Heap after GC invocations=15 (full 1):
 par new generation   total 109248K, used 10578K [0x00000007a0000000, 0x00000007a8000000, 0x00000007a8000000)
  eden space 87424K,   0% used [0x00000007a0000000, 0x00000007a0000000, 0x00000007a5560000)
  from space 21824K,  48% used [0x00000007a6ab0000, 0x00000007a7504bb8, 0x00000007a8000000)
  to   space 21824K,   0% used [0x00000007a5560000, 0x00000007a5560000, 0x00000007a6ab0000)
 concurrent mark-sweep generation total 393216K, used 8597K [0x00000007a8000000, 0x00000007c0000000, 0x00000007c0000000)
 Metaspace       used 29135K, capacity 29618K, committed 30000K, reserved 1075200K
  class space    used 3490K, capacity 3630K, committed 3632K, reserved 1048576K
}
2017-03-20T10:27:40.387+0600: 10.971: Total time for which application threads were stopped: 0.0070625 seconds, Stopping threads took: 0.0000234 seconds
2017-03-20T10:27:40.721+0600: 11.305: Total time for which application threads were stopped: 0.0001260 seconds, Stopping threads took: 0.0000372 seconds
2017-03-20T10:27:40.721+0600: 11.305: Total time for which application threads were stopped: 0.0000587 seconds, Stopping threads took: 0.0000109 seconds
2017-03-20T10:27:40.722+0600: 11.306: Total time for which application threads were stopped: 0.0000900 seconds, Stopping threads took: 0.0000257 seconds
2017-03-20T10:27:40.723+0600: 11.306: Total time for which application threads were stopped: 0.0000619 seconds, Stopping threads took: 0.0000115 seconds
2017-03-20T10:27:40.723+0600: 11.307: Total time for which application threads were stopped: 0.0000680 seconds, Stopping threads took: 0.0000232 seconds
2017-03-20T10:27:40.724+0600: 11.307: Total time for which application threads were stopped: 0.0002040 seconds, Stopping threads took: 0.0001268 seconds
2017-03-20T10:27:40.726+0600: 11.310: Total time for which application threads were stopped: 0.0001883 seconds, Stopping threads took: 0.0000477 seconds
2017-03-20T10:27:40.739+0600: 11.323: Total time for which application threads were stopped: 0.0000948 seconds, Stopping threads took: 0.0000214 seconds
2017-03-20T10:27:40.739+0600: 11.323: Total time for which application threads were stopped: 0.0000415 seconds, Stopping threads took: 0.0000057 seconds
2017-03-20T10:27:40.739+0600: 11.323: Total time for which application threads were stopped: 0.0000863 seconds, Stopping threads took: 0.0000354 seconds
2017-03-20T10:27:40.744+0600: 11.328: Total time for which application threads were stopped: 0.0003774 seconds, Stopping threads took: 0.0000596 seconds
2017-03-20T10:27:40.745+0600: 11.328: Total time for which application threads were stopped: 0.0001437 seconds, Stopping threads took: 0.0000587 seconds
2017-03-20T10:27:40.746+0600: 11.330: Total time for which application threads were stopped: 0.0001390 seconds, Stopping threads took: 0.0000317 seconds
2017-03-20T10:27:40.752+0600: 11.336: Total time for which application threads were stopped: 0.0001091 seconds, Stopping threads took: 0.0000342 seconds
2017-03-20T10:27:40.753+0600: 11.337: Total time for which application threads were stopped: 0.0000905 seconds, Stopping threads took: 0.0000374 seconds
2017-03-20T10:27:40.754+0600: 11.337: Total time for which application threads were stopped: 0.0000825 seconds, Stopping threads took: 0.0000347 seconds
2017-03-20T10:27:40.754+0600: 11.338: Total time for which application threads were stopped: 0.0000734 seconds, Stopping threads took: 0.0000349 seconds
2017-03-20T10:27:40.757+0600: 11.340: Total time for which application threads were stopped: 0.0001376 seconds, Stopping threads took: 0.0000426 seconds
2017-03-20T10:27:40.757+0600: 11.341: Total time for which application threads were stopped: 0.0001035 seconds, Stopping threads took: 0.0000308 seconds
2017-03-20T10:27:40.758+0600: 11.341: Total time for which application threads were stopped: 0.0000762 seconds, Stopping threads took: 0.0000102 seconds
2017-03-20T10:27:40.762+0600: 11.346: Total time for which application threads were stopped: 0.0003427 seconds, Stopping threads took: 0.0000447 seconds
2017-03-20T10:27:40.775+0600: 11.359: Total time for which application threads were stopped: 0.0001538 seconds, Stopping threads took: 0.0000414 seconds
2017-03-20T10:27:40.787+0600: 11.370: Total time for which application threads were stopped: 0.0001213 seconds, Stopping threads took: 0.0000448 seconds
2017-03-20T10:27:40.788+0600: 11.372: Total time for which application threads were stopped: 0.0000885 seconds, Stopping threads took: 0.0000329 seconds
2017-03-20T10:27:40.789+0600: 11.373: Total time for which application threads were stopped: 0.0000806 seconds, Stopping threads took: 0.0000203 seconds
2017-03-20T10:27:40.790+0600: 11.374: Total time for which application threads were stopped: 0.0000731 seconds, Stopping threads took: 0.0000276 seconds
2017-03-20T10:27:40.797+0600: 11.380: Total time for which application threads were stopped: 0.0001145 seconds, Stopping threads took: 0.0000501 seconds
2017-03-20T10:27:40.809+0600: 11.393: Total time for which application threads were stopped: 0.0001011 seconds, Stopping threads took: 0.0000212 seconds
2017-03-20T10:27:40.809+0600: 11.393: Total time for which application threads were stopped: 0.0000631 seconds, Stopping threads took: 0.0000123 seconds
2017-03-20T10:27:40.809+0600: 11.393: Total time for which application threads were stopped: 0.0001444 seconds, Stopping threads took: 0.0000094 seconds
2017-03-20T10:27:40.921+0600: 11.504: Total time for which application threads were stopped: 0.0003284 seconds, Stopping threads took: 0.0001934 seconds
2017-03-20T10:27:40.924+0600: 11.507: Total time for which application threads were stopped: 0.0001226 seconds, Stopping threads took: 0.0000246 seconds
2017-03-20T10:27:40.966+0600: 11.550: Total time for which application threads were stopped: 0.0002057 seconds, Stopping threads took: 0.0000843 seconds
2017-03-20T10:27:40.967+0600: 11.551: Total time for which application threads were stopped: 0.0001048 seconds, Stopping threads took: 0.0000375 seconds
2017-03-20T10:27:40.970+0600: 11.553: Total time for which application threads were stopped: 0.0001789 seconds, Stopping threads took: 0.0000826 seconds
2017-03-20T10:27:40.983+0600: 11.567: Total time for which application threads were stopped: 0.0002261 seconds, Stopping threads took: 0.0000433 seconds
2017-03-20T10:27:40.984+0600: 11.568: Total time for which application threads were stopped: 0.0001485 seconds, Stopping threads took: 0.0000342 seconds
2017-03-20T10:27:40.984+0600: 11.568: Total time for which application threads were stopped: 0.0001390 seconds, Stopping threads took: 0.0000648 seconds
2017-03-20T10:27:40.984+0600: 11.568: Total time for which application threads were stopped: 0.0000795 seconds, Stopping threads took: 0.0000263 seconds
2017-03-20T10:27:40.984+0600: 11.568: Total time for which application threads were stopped: 0.0000815 seconds, Stopping threads took: 0.0000282 seconds
2017-03-20T10:27:40.985+0600: 11.568: Total time for which application threads were stopped: 0.0001642 seconds, Stopping threads took: 0.0001059 seconds
2017-03-20T10:27:40.986+0600: 11.569: Total time for which application threads were stopped: 0.0001589 seconds, Stopping threads took: 0.0000482 seconds
2017-03-20T10:27:40.988+0600: 11.572: Total time for which application threads were stopped: 0.0001759 seconds, Stopping threads took: 0.0000583 seconds
2017-03-20T10:27:40.989+0600: 11.572: Total time for which application threads were stopped: 0.0002022 seconds, Stopping threads took: 0.0001086 seconds
2017-03-20T10:27:40.989+0600: 11.572: Total time for which application threads were stopped: 0.0000983 seconds, Stopping threads took: 0.0000114 seconds
2017-03-20T10:27:40.989+0600: 11.573: Total time for which application threads were stopped: 0.0002739 seconds, Stopping threads took: 0.0000211 seconds
2017-03-20T10:27:41.595+0600: 12.179: Total time for which application threads were stopped: 0.0002137 seconds, Stopping threads took: 0.0000488 seconds
2017-03-20T10:27:41.624+0600: 12.207: Total time for which application threads were stopped: 0.0001807 seconds, Stopping threads took: 0.0000513 seconds
2017-03-20T10:27:41.624+0600: 12.208: Total time for which application threads were stopped: 0.0006988 seconds, Stopping threads took: 0.0005892 seconds
2017-03-20T10:27:41.625+0600: 12.208: Total time for which application threads were stopped: 0.0001215 seconds, Stopping threads took: 0.0000373 seconds
2017-03-20T10:27:41.625+0600: 12.209: Total time for which application threads were stopped: 0.0001174 seconds, Stopping threads took: 0.0000389 seconds
2017-03-20T10:27:41.625+0600: 12.209: Total time for which application threads were stopped: 0.0001083 seconds, Stopping threads took: 0.0000215 seconds
2017-03-20T10:27:41.626+0600: 12.210: Total time for which application threads were stopped: 0.0001320 seconds, Stopping threads took: 0.0000348 seconds
2017-03-20T10:27:41.626+0600: 12.210: Total time for which application threads were stopped: 0.0001974 seconds, Stopping threads took: 0.0001098 seconds
2017-03-20T10:27:41.627+0600: 12.210: Total time for which application threads were stopped: 0.0001042 seconds, Stopping threads took: 0.0000247 seconds
2017-03-20T10:27:41.627+0600: 12.210: Total time for which application threads were stopped: 0.0001045 seconds, Stopping threads took: 0.0000311 seconds
2017-03-20T10:27:41.627+0600: 12.211: Total time for which application threads were stopped: 0.0001031 seconds, Stopping threads took: 0.0000345 seconds
2017-03-20T10:27:41.629+0600: 12.212: Total time for which application threads were stopped: 0.0001516 seconds, Stopping threads took: 0.0000476 seconds
2017-03-20T10:27:41.629+0600: 12.212: Total time for which application threads were stopped: 0.0001199 seconds, Stopping threads took: 0.0000322 seconds
2017-03-20T10:27:41.629+0600: 12.213: Total time for which application threads were stopped: 0.0000980 seconds, Stopping threads took: 0.0000238 seconds
2017-03-20T10:27:41.630+0600: 12.214: Total time for which application threads were stopped: 0.0001370 seconds, Stopping threads took: 0.0000362 seconds
2017-03-20T10:27:41.630+0600: 12.214: Total time for which application threads were stopped: 0.0001085 seconds, Stopping threads took: 0.0000347 seconds
2017-03-20T10:27:41.653+0600: 12.237: Total time for which application threads were stopped: 0.0005916 seconds, Stopping threads took: 0.0000357 seconds
2017-03-20T10:27:41.654+0600: 12.238: Total time for which application threads were stopped: 0.0005066 seconds, Stopping threads took: 0.0000266 seconds
2017-03-20T10:27:41.656+0600: 12.239: Total time for which application threads were stopped: 0.0001347 seconds, Stopping threads took: 0.0000411 seconds
2017-03-20T10:27:41.656+0600: 12.239: Total time for which application threads were stopped: 0.0001027 seconds, Stopping threads took: 0.0000287 seconds
2017-03-20T10:27:41.656+0600: 12.240: Total time for which application threads were stopped: 0.0001102 seconds, Stopping threads took: 0.0000468 seconds
2017-03-20T10:27:41.656+0600: 12.240: Total time for which application threads were stopped: 0.0000701 seconds, Stopping threads took: 0.0000168 seconds
2017-03-20T10:27:41.676+0600: 12.260: Total time for which application threads were stopped: 0.0001265 seconds, Stopping threads took: 0.0000240 seconds
2017-03-20T10:27:41.677+0600: 12.260: Total time for which application threads were stopped: 0.0000941 seconds, Stopping threads took: 0.0000307 seconds
2017-03-20T10:27:41.677+0600: 12.261: Total time for which application threads were stopped: 0.0001026 seconds, Stopping threads took: 0.0000293 seconds
2017-03-20T10:27:41.677+0600: 12.261: Total time for which application threads were stopped: 0.0000644 seconds, Stopping threads took: 0.0000079 seconds
2017-03-20T10:27:41.678+0600: 12.262: Total time for which application threads were stopped: 0.0001978 seconds, Stopping threads took: 0.0000571 seconds
2017-03-20T10:27:41.678+0600: 12.262: Total time for which application threads were stopped: 0.0000985 seconds, Stopping threads took: 0.0000330 seconds
2017-03-20T10:27:41.679+0600: 12.262: Total time for which application threads were stopped: 0.0001226 seconds, Stopping threads took: 0.0000277 seconds
2017-03-20T10:27:41.679+0600: 12.262: Total time for which application threads were stopped: 0.0001245 seconds, Stopping threads took: 0.0000334 seconds
2017-03-20T10:27:41.679+0600: 12.263: Total time for which application threads were stopped: 0.0001003 seconds, Stopping threads took: 0.0000271 seconds
2017-03-20T10:27:41.679+0600: 12.263: Total time for which application threads were stopped: 0.0000900 seconds, Stopping threads took: 0.0000343 seconds
2017-03-20T10:27:42.680+0600: 13.264: Total time for which application threads were stopped: 0.0001615 seconds, Stopping threads took: 0.0000375 seconds
2017-03-20T10:28:41.685+0600: 72.266: Total time for which application threads were stopped: 0.0001328 seconds, Stopping threads took: 0.0000320 seconds
2017-03-20T10:28:41.687+0600: 72.268: Total time for which application threads were stopped: 0.0001191 seconds, Stopping threads took: 0.0000452 seconds
2017-03-20T10:28:48.848+0600: 79.428: Total time for which application threads were stopped: 0.0000848 seconds, Stopping threads took: 0.0000322 seconds
2017-03-20T10:28:48.872+0600: 79.452: Total time for which application threads were stopped: 0.0001150 seconds, Stopping threads took: 0.0000158 seconds
Heap
 par new generation   total 109248K, used 80354K [0x00000007a0000000, 0x00000007a8000000, 0x00000007a8000000)
  eden space 87424K,  79% used [0x00000007a0000000, 0x00000007a4423d20, 0x00000007a5560000)
  from space 21824K,  48% used [0x00000007a6ab0000, 0x00000007a7504bb8, 0x00000007a8000000)
  to   space 21824K,   0% used [0x00000007a5560000, 0x00000007a5560000, 0x00000007a6ab0000)
 concurrent mark-sweep generation total 393216K, used 8597K [0x00000007a8000000, 0x00000007c0000000, 0x00000007c0000000)
 Metaspace       used 30732K, capacity 31282K, committed 31792K, reserved 1077248K
  class space    used 3696K, capacity 3838K, committed 3888K, reserved 1048576K
