Java HotSpot(TM) 64-Bit Server VM (25.102-b14) for bsd-amd64 JRE (1.8.0_102-b14), built on Jun 22 2016 11:42:36 by "java_re" with gcc 4.2.1 (Based on Apple Inc. build 5658) (LLVM build 2336.11.00)
Memory: 4k page, physical 8388608k(344916k free)

/proc/meminfo:

CommandLine flags: -XX:CMSInitiatingOccupancyFraction=50 -XX:CMSMaxAbortablePrecleanTime=6000 -XX:+CMSParallelRemarkEnabled -XX:+CMSScavengeBeforeRemark -XX:ConcGCThreads=4 -XX:GCLogFileSize=20971520 -XX:InitialHeapSize=536870912 -XX:MaxHeapSize=536870912 -XX:MaxTenuringThreshold=8 -XX:NewRatio=3 -XX:NumberOfGCLogFiles=9 -XX:OldPLABSize=16 -XX:-OmitStackTraceInFastThrow -XX:OnOutOfMemoryError=/var/folders/ys/2zqn1n7n44z0j7v_8v504fm1v4byym/T/solr-6.4.2/bin/oom_solr.sh 8983 /var/folders/ys/2zqn1n7n44z0j7v_8v504fm1v4byym/T/solr-6.4.2/server/logs -XX:ParallelGCThreads=4 -XX:+ParallelRefProcEnabled -XX:PretenureSizeThreshold=67108864 -XX:+PrintGC -XX:+PrintGCApplicationStoppedTime -XX:+PrintGCDateStamps -XX:+PrintGCDetails -XX:+PrintGCTimeStamps -XX:+PrintHeapAtGC -XX:+PrintTenuringDistribution -XX:SurvivorRatio=4 -XX:TargetSurvivorRatio=90 -XX:ThreadStackSize=256 -XX:+UseCMSInitiatingOccupancyOnly -XX:+UseCompressedClassPointers -XX:+UseCompressedOops -XX:+UseConcMarkSweepGC -XX:+UseGCLogFileRotation -XX:+UseParNewGC 
2017-03-20T09:58:26.255+0600: 0.175: Total time for which application threads were stopped: 0.0001632 seconds, Stopping threads took: 0.0000241 seconds
2017-03-20T09:58:26.381+0600: 0.301: Total time for which application threads were stopped: 0.0000963 seconds, Stopping threads took: 0.0000098 seconds
2017-03-20T09:58:26.822+0600: 0.742: Total time for which application threads were stopped: 0.0001929 seconds, Stopping threads took: 0.0000157 seconds
2017-03-20T09:58:26.951+0600: 0.871: Total time for which application threads were stopped: 0.0001838 seconds, Stopping threads took: 0.0000138 seconds
2017-03-20T09:58:26.974+0600: 0.894: Total time for which application threads were stopped: 0.0002644 seconds, Stopping threads took: 0.0000339 seconds
2017-03-20T09:58:27.246+0600: 1.166: Total time for which application threads were stopped: 0.0003578 seconds, Stopping threads took: 0.0000584 seconds
2017-03-20T09:58:27.281+0600: 1.201: Total time for which application threads were stopped: 0.0002096 seconds, Stopping threads took: 0.0000169 seconds
2017-03-20T09:58:27.421+0600: 1.341: Total time for which application threads were stopped: 0.0003194 seconds, Stopping threads took: 0.0000201 seconds
2017-03-20T09:58:27.600+0600: 1.520: Total time for which application threads were stopped: 0.0003402 seconds, Stopping threads took: 0.0000194 seconds
2017-03-20T09:58:27.604+0600: 1.524: Total time for which application threads were stopped: 0.0002663 seconds, Stopping threads took: 0.0000616 seconds
2017-03-20T09:58:27.610+0600: 1.530: Total time for which application threads were stopped: 0.0004060 seconds, Stopping threads took: 0.0000401 seconds
2017-03-20T09:58:27.635+0600: 1.555: Total time for which application threads were stopped: 0.0002223 seconds, Stopping threads took: 0.0000144 seconds
{Heap before GC invocations=0 (full 0):
 par new generation   total 109248K, used 87424K [0x00000007a0000000, 0x00000007a8000000, 0x00000007a8000000)
  eden space 87424K, 100% used [0x00000007a0000000, 0x00000007a5560000, 0x00000007a5560000)
  from space 21824K,   0% used [0x00000007a5560000, 0x00000007a5560000, 0x00000007a6ab0000)
  to   space 21824K,   0% used [0x00000007a6ab0000, 0x00000007a6ab0000, 0x00000007a8000000)
 concurrent mark-sweep generation total 393216K, used 0K [0x00000007a8000000, 0x00000007c0000000, 0x00000007c0000000)
 Metaspace       used 19962K, capacity 20326K, committed 20736K, reserved 1067008K
  class space    used 2372K, capacity 2472K, committed 2560K, reserved 1048576K
2017-03-20T09:58:28.055+0600: 1.975: [GC (Allocation Failure) 2017-03-20T09:58:28.055+0600: 1.975: [ParNew
Desired survivor size 20112992 bytes, new threshold 8 (max 8)
- age   1:   11481536 bytes,   11481536 total
: 87424K->11329K(109248K), 0.0158911 secs] 87424K->11329K(502464K), 0.0159976 secs] [Times: user=0.04 sys=0.01, real=0.02 secs] 
Heap after GC invocations=1 (full 0):
 par new generation   total 109248K, used 11329K [0x00000007a0000000, 0x00000007a8000000, 0x00000007a8000000)
  eden space 87424K,   0% used [0x00000007a0000000, 0x00000007a0000000, 0x00000007a5560000)
  from space 21824K,  51% used [0x00000007a6ab0000, 0x00000007a75c06c0, 0x00000007a8000000)
  to   space 21824K,   0% used [0x00000007a5560000, 0x00000007a5560000, 0x00000007a6ab0000)
 concurrent mark-sweep generation total 393216K, used 0K [0x00000007a8000000, 0x00000007c0000000, 0x00000007c0000000)
 Metaspace       used 19962K, capacity 20326K, committed 20736K, reserved 1067008K
  class space    used 2372K, capacity 2472K, committed 2560K, reserved 1048576K
}
2017-03-20T09:58:28.071+0600: 1.991: Total time for which application threads were stopped: 0.0164578 seconds, Stopping threads took: 0.0002270 seconds
2017-03-20T09:58:29.072+0600: 2.992: Total time for which application threads were stopped: 0.0000910 seconds, Stopping threads took: 0.0000236 seconds
2017-03-20T09:58:29.493+0600: 3.413: Total time for which application threads were stopped: 0.0004917 seconds, Stopping threads took: 0.0000244 seconds
2017-03-20T09:58:29.558+0600: 3.478: Total time for which application threads were stopped: 0.0001537 seconds, Stopping threads took: 0.0000362 seconds
2017-03-20T09:58:29.613+0600: 3.533: Total time for which application threads were stopped: 0.0001242 seconds, Stopping threads took: 0.0000219 seconds
2017-03-20T09:58:29.673+0600: 3.593: Total time for which application threads were stopped: 0.0003798 seconds, Stopping threads took: 0.0000208 seconds
2017-03-20T09:58:29.702+0600: 3.622: Total time for which application threads were stopped: 0.0001150 seconds, Stopping threads took: 0.0000191 seconds
2017-03-20T09:58:30.073+0600: 3.993: [GC (CMS Initial Mark) [1 CMS-initial-mark: 0K(393216K)] 29253K(502464K), 0.0064981 secs] [Times: user=0.01 sys=0.00, real=0.01 secs] 
2017-03-20T09:58:30.080+0600: 4.000: Total time for which application threads were stopped: 0.0067288 seconds, Stopping threads took: 0.0000277 seconds
2017-03-20T09:58:30.080+0600: 4.000: [CMS-concurrent-mark-start]
2017-03-20T09:58:30.082+0600: 4.002: [CMS-concurrent-mark: 0.002/0.002 secs] [Times: user=0.00 sys=0.00, real=0.00 secs] 
2017-03-20T09:58:30.082+0600: 4.002: [CMS-concurrent-preclean-start]
2017-03-20T09:58:30.083+0600: 4.003: [CMS-concurrent-preclean: 0.001/0.001 secs] [Times: user=0.00 sys=0.00, real=0.00 secs] 
2017-03-20T09:58:30.083+0600: 4.003: [CMS-concurrent-abortable-preclean-start]
2017-03-20T09:58:30.199+0600: 4.119: Total time for which application threads were stopped: 0.0003187 seconds, Stopping threads took: 0.0000230 seconds
2017-03-20T09:58:30.650+0600: 4.570: Total time for which application threads were stopped: 0.0000663 seconds, Stopping threads took: 0.0000151 seconds
2017-03-20T09:58:30.651+0600: 4.570: Total time for which application threads were stopped: 0.0000646 seconds, Stopping threads took: 0.0000243 seconds
2017-03-20T09:58:30.689+0600: 4.609: Total time for which application threads were stopped: 0.0001530 seconds, Stopping threads took: 0.0000535 seconds
2017-03-20T09:58:30.689+0600: 4.609: Total time for which application threads were stopped: 0.0000595 seconds, Stopping threads took: 0.0000111 seconds
2017-03-20T09:58:30.689+0600: 4.609: Total time for which application threads were stopped: 0.0000612 seconds, Stopping threads took: 0.0000079 seconds
2017-03-20T09:58:30.689+0600: 4.609: Total time for which application threads were stopped: 0.0000303 seconds, Stopping threads took: 0.0000037 seconds
2017-03-20T09:58:30.689+0600: 4.609: Total time for which application threads were stopped: 0.0000279 seconds, Stopping threads took: 0.0000032 seconds
2017-03-20T09:58:30.698+0600: 4.618: Total time for which application threads were stopped: 0.0000940 seconds, Stopping threads took: 0.0000224 seconds
2017-03-20T09:58:30.698+0600: 4.618: Total time for which application threads were stopped: 0.0000861 seconds, Stopping threads took: 0.0000218 seconds
2017-03-20T09:58:30.699+0600: 4.619: Total time for which application threads were stopped: 0.0000568 seconds, Stopping threads took: 0.0000206 seconds
2017-03-20T09:58:30.699+0600: 4.619: Total time for which application threads were stopped: 0.0000491 seconds, Stopping threads took: 0.0000194 seconds
2017-03-20T09:58:30.699+0600: 4.619: Total time for which application threads were stopped: 0.0000500 seconds, Stopping threads took: 0.0000197 seconds
2017-03-20T09:58:30.736+0600: 4.656: Total time for which application threads were stopped: 0.0001139 seconds, Stopping threads took: 0.0000239 seconds
2017-03-20T09:58:30.736+0600: 4.656: Total time for which application threads were stopped: 0.0000859 seconds, Stopping threads took: 0.0000308 seconds
2017-03-20T09:58:30.750+0600: 4.670: Total time for which application threads were stopped: 0.0000978 seconds, Stopping threads took: 0.0000360 seconds
2017-03-20T09:58:30.750+0600: 4.670: Total time for which application threads were stopped: 0.0000566 seconds, Stopping threads took: 0.0000240 seconds
2017-03-20T09:58:30.750+0600: 4.670: Total time for which application threads were stopped: 0.0000565 seconds, Stopping threads took: 0.0000225 seconds
2017-03-20T09:58:30.751+0600: 4.671: Total time for which application threads were stopped: 0.0004348 seconds, Stopping threads took: 0.0003655 seconds
2017-03-20T09:58:30.752+0600: 4.672: Total time for which application threads were stopped: 0.0000766 seconds, Stopping threads took: 0.0000114 seconds
2017-03-20T09:58:30.760+0600: 4.680: Total time for which application threads were stopped: 0.0001030 seconds, Stopping threads took: 0.0000197 seconds
2017-03-20T09:58:30.760+0600: 4.680: Total time for which application threads were stopped: 0.0000566 seconds, Stopping threads took: 0.0000174 seconds
2017-03-20T09:58:30.760+0600: 4.680: Total time for which application threads were stopped: 0.0000375 seconds, Stopping threads took: 0.0000074 seconds
2017-03-20T09:58:30.760+0600: 4.680: Total time for which application threads were stopped: 0.0000357 seconds, Stopping threads took: 0.0000067 seconds
2017-03-20T09:58:30.760+0600: 4.680: Total time for which application threads were stopped: 0.0000798 seconds, Stopping threads took: 0.0000368 seconds
2017-03-20T09:58:30.765+0600: 4.685: Total time for which application threads were stopped: 0.0000974 seconds, Stopping threads took: 0.0000225 seconds
2017-03-20T09:58:30.766+0600: 4.686: Total time for which application threads were stopped: 0.0000593 seconds, Stopping threads took: 0.0000122 seconds
2017-03-20T09:58:30.770+0600: 4.690: Total time for which application threads were stopped: 0.0000872 seconds, Stopping threads took: 0.0000208 seconds
2017-03-20T09:58:30.771+0600: 4.691: Total time for which application threads were stopped: 0.0001444 seconds, Stopping threads took: 0.0000286 seconds
2017-03-20T09:58:30.772+0600: 4.692: Total time for which application threads were stopped: 0.0000653 seconds, Stopping threads took: 0.0000151 seconds
2017-03-20T09:58:30.776+0600: 4.696: Total time for which application threads were stopped: 0.0001145 seconds, Stopping threads took: 0.0000220 seconds
2017-03-20T09:58:30.777+0600: 4.697: Total time for which application threads were stopped: 0.0000553 seconds, Stopping threads took: 0.0000111 seconds
2017-03-20T09:58:30.825+0600: 4.745: Total time for which application threads were stopped: 0.0000875 seconds, Stopping threads took: 0.0000203 seconds
2017-03-20T09:58:30.825+0600: 4.745: Total time for which application threads were stopped: 0.0000757 seconds, Stopping threads took: 0.0000337 seconds
2017-03-20T09:58:30.849+0600: 4.769: Total time for which application threads were stopped: 0.0002726 seconds, Stopping threads took: 0.0000172 seconds
2017-03-20T09:58:30.890+0600: 4.809: Total time for which application threads were stopped: 0.0000915 seconds, Stopping threads took: 0.0000173 seconds
2017-03-20T09:58:30.908+0600: 4.828: Total time for which application threads were stopped: 0.0000841 seconds, Stopping threads took: 0.0000159 seconds
2017-03-20T09:58:30.956+0600: 4.876: Total time for which application threads were stopped: 0.0001208 seconds, Stopping threads took: 0.0000230 seconds
2017-03-20T09:58:30.979+0600: 4.898: Total time for which application threads were stopped: 0.0000787 seconds, Stopping threads took: 0.0000169 seconds
2017-03-20T09:58:31.038+0600: 4.958: Total time for which application threads were stopped: 0.0001533 seconds, Stopping threads took: 0.0000405 seconds
2017-03-20T09:58:31.107+0600: 5.027: Total time for which application threads were stopped: 0.0001439 seconds, Stopping threads took: 0.0000229 seconds
2017-03-20T09:58:31.134+0600: 5.054: Total time for which application threads were stopped: 0.0004115 seconds, Stopping threads took: 0.0000235 seconds
2017-03-20T09:58:31.178+0600: 5.098: Total time for which application threads were stopped: 0.0005687 seconds, Stopping threads took: 0.0000211 seconds
2017-03-20T09:58:31.201+0600: 5.121: Total time for which application threads were stopped: 0.0001369 seconds, Stopping threads took: 0.0000225 seconds
2017-03-20T09:58:31.394+0600: 5.314: Total time for which application threads were stopped: 0.0004839 seconds, Stopping threads took: 0.0000196 seconds
2017-03-20T09:58:31.401+0600: 5.321: Total time for which application threads were stopped: 0.0001214 seconds, Stopping threads took: 0.0000219 seconds
{Heap before GC invocations=1 (full 1):
 par new generation   total 109248K, used 98753K [0x00000007a0000000, 0x00000007a8000000, 0x00000007a8000000)
  eden space 87424K, 100% used [0x00000007a0000000, 0x00000007a5560000, 0x00000007a5560000)
  from space 21824K,  51% used [0x00000007a6ab0000, 0x00000007a75c06c0, 0x00000007a8000000)
  to   space 21824K,   0% used [0x00000007a5560000, 0x00000007a5560000, 0x00000007a6ab0000)
 concurrent mark-sweep generation total 393216K, used 0K [0x00000007a8000000, 0x00000007c0000000, 0x00000007c0000000)
 Metaspace       used 24246K, capacity 24740K, committed 24948K, reserved 1071104K
  class space    used 2928K, capacity 3092K, committed 3120K, reserved 1048576K
2017-03-20T09:58:31.463+0600: 5.383: [GC (Allocation Failure) 2017-03-20T09:58:31.463+0600: 5.383: [ParNew
Desired survivor size 20112992 bytes, new threshold 8 (max 8)
- age   1:    5204424 bytes,    5204424 total
- age   2:    5559072 bytes,   10763496 total
: 98753K->14596K(109248K), 0.0170308 secs] 98753K->14596K(502464K), 0.0171389 secs] [Times: user=0.04 sys=0.01, real=0.02 secs] 
Heap after GC invocations=2 (full 1):
 par new generation   total 109248K, used 14596K [0x00000007a0000000, 0x00000007a8000000, 0x00000007a8000000)
  eden space 87424K,   0% used [0x00000007a0000000, 0x00000007a0000000, 0x00000007a5560000)
  from space 21824K,  66% used [0x00000007a5560000, 0x00000007a63a1080, 0x00000007a6ab0000)
  to   space 21824K,   0% used [0x00000007a6ab0000, 0x00000007a6ab0000, 0x00000007a8000000)
 concurrent mark-sweep generation total 393216K, used 0K [0x00000007a8000000, 0x00000007c0000000, 0x00000007c0000000)
 Metaspace       used 24246K, capacity 24740K, committed 24948K, reserved 1071104K
  class space    used 2928K, capacity 3092K, committed 3120K, reserved 1048576K
}
2017-03-20T09:58:31.481+0600: 5.400: Total time for which application threads were stopped: 0.0173737 seconds, Stopping threads took: 0.0000209 seconds
2017-03-20T09:58:31.548+0600: 5.467: Total time for which application threads were stopped: 0.0001297 seconds, Stopping threads took: 0.0000198 seconds
2017-03-20T09:58:31.675+0600: 5.595: Total time for which application threads were stopped: 0.0001115 seconds, Stopping threads took: 0.0000185 seconds
2017-03-20T09:58:31.715+0600: 5.635: Total time for which application threads were stopped: 0.0001432 seconds, Stopping threads took: 0.0000189 seconds
2017-03-20T09:58:31.732+0600: 5.652: Total time for which application threads were stopped: 0.0000833 seconds, Stopping threads took: 0.0000164 seconds
2017-03-20T09:58:31.732+0600: 5.652: [CMS-concurrent-abortable-preclean: 0.942/1.649 secs] [Times: user=2.49 sys=0.08, real=1.65 secs] 
2017-03-20T09:58:31.732+0600: 5.652: [GC (CMS Final Remark) [YG occupancy: 63124 K (109248 K)]{Heap before GC invocations=2 (full 1):
 par new generation   total 109248K, used 63124K [0x00000007a0000000, 0x00000007a8000000, 0x00000007a8000000)
  eden space 87424K,  55% used [0x00000007a0000000, 0x00000007a2f642a0, 0x00000007a5560000)
  from space 21824K,  66% used [0x00000007a5560000, 0x00000007a63a1080, 0x00000007a6ab0000)
  to   space 21824K,   0% used [0x00000007a6ab0000, 0x00000007a6ab0000, 0x00000007a8000000)
 concurrent mark-sweep generation total 393216K, used 0K [0x00000007a8000000, 0x00000007c0000000, 0x00000007c0000000)
 Metaspace       used 24967K, capacity 25454K, committed 25724K, reserved 1071104K
  class space    used 3017K, capacity 3160K, committed 3196K, reserved 1048576K
2017-03-20T09:58:31.732+0600: 5.652: [GC (CMS Final Remark) 2017-03-20T09:58:31.732+0600: 5.652: [ParNew
Desired survivor size 20112992 bytes, new threshold 8 (max 8)
- age   1:     756928 bytes,     756928 total
- age   2:    1252952 bytes,    2009880 total
- age   3:    5557296 bytes,    7567176 total
: 63124K->8649K(109248K), 0.0093485 secs] 63124K->8649K(502464K), 0.0093962 secs] [Times: user=0.03 sys=0.00, real=0.01 secs] 
Heap after GC invocations=3 (full 1):
 par new generation   total 109248K, used 8649K [0x00000007a0000000, 0x00000007a8000000, 0x00000007a8000000)
  eden space 87424K,   0% used [0x00000007a0000000, 0x00000007a0000000, 0x00000007a5560000)
  from space 21824K,  39% used [0x00000007a6ab0000, 0x00000007a7322430, 0x00000007a8000000)
  to   space 21824K,   0% used [0x00000007a5560000, 0x00000007a5560000, 0x00000007a6ab0000)
 concurrent mark-sweep generation total 393216K, used 0K [0x00000007a8000000, 0x00000007c0000000, 0x00000007c0000000)
 Metaspace       used 24967K, capacity 25454K, committed 25724K, reserved 1071104K
  class space    used 3017K, capacity 3160K, committed 3196K, reserved 1048576K
}
2017-03-20T09:58:31.741+0600: 5.661: [Rescan (parallel) , 0.0030629 secs]2017-03-20T09:58:31.744+0600: 5.664: [weak refs processing, 0.0007485 secs]2017-03-20T09:58:31.745+0600: 5.665: [class unloading, 0.0054490 secs]2017-03-20T09:58:31.751+0600: 5.671: [scrub symbol table, 0.0063276 secs]2017-03-20T09:58:31.757+0600: 5.677: [scrub string table, 0.0005014 secs][1 CMS-remark: 0K(393216K)] 8649K(502464K), 0.0267925 secs] [Times: user=0.06 sys=0.00, real=0.02 secs] 
2017-03-20T09:58:31.759+0600: 5.679: Total time for which application threads were stopped: 0.0269263 seconds, Stopping threads took: 0.0000313 seconds
2017-03-20T09:58:31.759+0600: 5.679: [CMS-concurrent-sweep-start]
2017-03-20T09:58:31.759+0600: 5.679: [CMS-concurrent-sweep: 0.000/0.000 secs] [Times: user=0.00 sys=0.00, real=0.00 secs] 
2017-03-20T09:58:31.759+0600: 5.679: [CMS-concurrent-reset-start]
2017-03-20T09:58:31.763+0600: 5.683: [CMS-concurrent-reset: 0.004/0.004 secs] [Times: user=0.00 sys=0.01, real=0.01 secs] 
2017-03-20T09:58:31.842+0600: 5.762: Total time for which application threads were stopped: 0.0003267 seconds, Stopping threads took: 0.0000242 seconds
2017-03-20T09:58:31.952+0600: 5.872: Total time for which application threads were stopped: 0.0001439 seconds, Stopping threads took: 0.0000183 seconds
2017-03-20T09:58:31.953+0600: 5.873: Total time for which application threads were stopped: 0.0001622 seconds, Stopping threads took: 0.0000634 seconds
2017-03-20T09:58:32.174+0600: 6.094: Total time for which application threads were stopped: 0.0001466 seconds, Stopping threads took: 0.0000197 seconds
2017-03-20T09:58:32.183+0600: 6.103: Total time for which application threads were stopped: 0.0003582 seconds, Stopping threads took: 0.0000219 seconds
2017-03-20T09:58:32.285+0600: 6.205: Total time for which application threads were stopped: 0.0001643 seconds, Stopping threads took: 0.0000908 seconds
2017-03-20T09:58:32.285+0600: 6.205: Total time for which application threads were stopped: 0.0000679 seconds, Stopping threads took: 0.0000183 seconds
2017-03-20T09:58:32.286+0600: 6.206: Total time for which application threads were stopped: 0.0001379 seconds, Stopping threads took: 0.0000553 seconds
2017-03-20T09:58:32.286+0600: 6.206: Total time for which application threads were stopped: 0.0000905 seconds, Stopping threads took: 0.0000310 seconds
2017-03-20T09:58:32.286+0600: 6.206: Total time for which application threads were stopped: 0.0001128 seconds, Stopping threads took: 0.0000528 seconds
2017-03-20T09:58:32.288+0600: 6.207: Total time for which application threads were stopped: 0.0001002 seconds, Stopping threads took: 0.0000367 seconds
2017-03-20T09:58:32.288+0600: 6.208: Total time for which application threads were stopped: 0.0000675 seconds, Stopping threads took: 0.0000186 seconds
2017-03-20T09:58:32.289+0600: 6.209: Total time for which application threads were stopped: 0.0001075 seconds, Stopping threads took: 0.0000451 seconds
2017-03-20T09:58:32.290+0600: 6.210: Total time for which application threads were stopped: 0.0000793 seconds, Stopping threads took: 0.0000139 seconds
2017-03-20T09:58:32.291+0600: 6.211: Total time for which application threads were stopped: 0.0000875 seconds, Stopping threads took: 0.0000469 seconds
2017-03-20T09:58:32.291+0600: 6.211: Total time for which application threads were stopped: 0.0000542 seconds, Stopping threads took: 0.0000213 seconds
2017-03-20T09:58:32.291+0600: 6.211: Total time for which application threads were stopped: 0.0000498 seconds, Stopping threads took: 0.0000205 seconds
2017-03-20T09:58:32.291+0600: 6.211: Total time for which application threads were stopped: 0.0000342 seconds, Stopping threads took: 0.0000076 seconds
2017-03-20T09:58:32.292+0600: 6.211: Total time for which application threads were stopped: 0.0000541 seconds, Stopping threads took: 0.0000084 seconds
2017-03-20T09:58:32.292+0600: 6.212: Total time for which application threads were stopped: 0.0000560 seconds, Stopping threads took: 0.0000214 seconds
2017-03-20T09:58:32.295+0600: 6.215: Total time for which application threads were stopped: 0.0001147 seconds, Stopping threads took: 0.0000272 seconds
2017-03-20T09:58:32.296+0600: 6.216: Total time for which application threads were stopped: 0.0000572 seconds, Stopping threads took: 0.0000084 seconds
2017-03-20T09:58:32.297+0600: 6.217: Total time for which application threads were stopped: 0.0000546 seconds, Stopping threads took: 0.0000097 seconds
2017-03-20T09:58:32.297+0600: 6.217: Total time for which application threads were stopped: 0.0000504 seconds, Stopping threads took: 0.0000082 seconds
2017-03-20T09:58:32.302+0600: 6.222: Total time for which application threads were stopped: 0.0001063 seconds, Stopping threads took: 0.0000211 seconds
2017-03-20T09:58:32.303+0600: 6.223: Total time for which application threads were stopped: 0.0000821 seconds, Stopping threads took: 0.0000192 seconds
2017-03-20T09:58:33.133+0600: 7.053: Total time for which application threads were stopped: 0.0000917 seconds, Stopping threads took: 0.0000206 seconds
2017-03-20T09:58:33.133+0600: 7.053: Total time for which application threads were stopped: 0.0000707 seconds, Stopping threads took: 0.0000270 seconds
2017-03-20T09:58:33.150+0600: 7.070: Total time for which application threads were stopped: 0.0000891 seconds, Stopping threads took: 0.0000195 seconds
2017-03-20T09:58:33.159+0600: 7.079: Total time for which application threads were stopped: 0.0001463 seconds, Stopping threads took: 0.0000729 seconds
2017-03-20T09:58:33.159+0600: 7.079: Total time for which application threads were stopped: 0.0000526 seconds, Stopping threads took: 0.0000197 seconds
2017-03-20T09:58:33.159+0600: 7.079: Total time for which application threads were stopped: 0.0001258 seconds, Stopping threads took: 0.0000058 seconds
2017-03-20T09:58:33.159+0600: 7.079: Total time for which application threads were stopped: 0.0000348 seconds, Stopping threads took: 0.0000043 seconds
2017-03-20T09:58:33.168+0600: 7.088: Total time for which application threads were stopped: 0.0001056 seconds, Stopping threads took: 0.0000208 seconds
2017-03-20T09:58:33.168+0600: 7.088: Total time for which application threads were stopped: 0.0000918 seconds, Stopping threads took: 0.0000256 seconds
2017-03-20T09:58:47.583+0600: 21.502: Total time for which application threads were stopped: 0.0000890 seconds, Stopping threads took: 0.0000199 seconds
2017-03-20T09:58:47.583+0600: 21.502: Total time for which application threads were stopped: 0.0000587 seconds, Stopping threads took: 0.0000096 seconds
2017-03-20T09:58:47.583+0600: 21.502: Total time for which application threads were stopped: 0.0000567 seconds, Stopping threads took: 0.0000078 seconds
2017-03-20T09:58:47.583+0600: 21.502: Total time for which application threads were stopped: 0.0000476 seconds, Stopping threads took: 0.0000139 seconds
2017-03-20T09:58:47.583+0600: 21.502: Total time for which application threads were stopped: 0.0000432 seconds, Stopping threads took: 0.0000066 seconds
2017-03-20T09:58:47.583+0600: 21.502: Total time for which application threads were stopped: 0.0000394 seconds, Stopping threads took: 0.0000077 seconds
2017-03-20T09:58:47.583+0600: 21.503: Total time for which application threads were stopped: 0.0000334 seconds, Stopping threads took: 0.0000056 seconds
2017-03-20T09:58:47.583+0600: 21.503: Total time for which application threads were stopped: 0.0000330 seconds, Stopping threads took: 0.0000067 seconds
2017-03-20T09:58:47.583+0600: 21.503: Total time for which application threads were stopped: 0.0000322 seconds, Stopping threads took: 0.0000065 seconds
2017-03-20T09:58:47.584+0600: 21.503: Total time for which application threads were stopped: 0.0001367 seconds, Stopping threads took: 0.0000085 seconds
2017-03-20T09:58:47.620+0600: 21.539: Total time for which application threads were stopped: 0.0001608 seconds, Stopping threads took: 0.0000346 seconds
2017-03-20T09:58:47.622+0600: 21.541: Total time for which application threads were stopped: 0.0001253 seconds, Stopping threads took: 0.0000371 seconds
2017-03-20T09:58:47.632+0600: 21.551: Total time for which application threads were stopped: 0.0002792 seconds, Stopping threads took: 0.0000473 seconds
2017-03-20T09:58:47.632+0600: 21.551: Total time for which application threads were stopped: 0.0001099 seconds, Stopping threads took: 0.0000559 seconds
2017-03-20T09:58:47.635+0600: 21.554: Total time for which application threads were stopped: 0.0001359 seconds, Stopping threads took: 0.0000252 seconds
2017-03-20T09:58:47.637+0600: 21.556: Total time for which application threads were stopped: 0.0001371 seconds, Stopping threads took: 0.0000452 seconds
2017-03-20T09:58:47.640+0600: 21.559: Total time for which application threads were stopped: 0.0001562 seconds, Stopping threads took: 0.0000421 seconds
2017-03-20T09:58:47.642+0600: 21.561: Total time for which application threads were stopped: 0.0001430 seconds, Stopping threads took: 0.0000473 seconds
2017-03-20T09:58:47.645+0600: 21.564: Total time for which application threads were stopped: 0.0002277 seconds, Stopping threads took: 0.0000215 seconds
2017-03-20T09:58:47.649+0600: 21.568: Total time for which application threads were stopped: 0.0001454 seconds, Stopping threads took: 0.0000378 seconds
2017-03-20T09:58:47.650+0600: 21.570: Total time for which application threads were stopped: 0.0002887 seconds, Stopping threads took: 0.0000168 seconds
2017-03-20T09:58:48.150+0600: 22.069: Total time for which application threads were stopped: 0.0001202 seconds, Stopping threads took: 0.0000235 seconds
2017-03-20T09:58:48.150+0600: 22.070: Total time for which application threads were stopped: 0.0000620 seconds, Stopping threads took: 0.0000122 seconds
2017-03-20T09:58:48.150+0600: 22.070: Total time for which application threads were stopped: 0.0000511 seconds, Stopping threads took: 0.0000088 seconds
2017-03-20T09:58:48.151+0600: 22.070: Total time for which application threads were stopped: 0.0000580 seconds, Stopping threads took: 0.0000174 seconds
2017-03-20T09:58:48.151+0600: 22.070: Total time for which application threads were stopped: 0.0000652 seconds, Stopping threads took: 0.0000194 seconds
2017-03-20T09:58:48.152+0600: 22.071: Total time for which application threads were stopped: 0.0002500 seconds, Stopping threads took: 0.0000417 seconds
2017-03-20T09:58:48.152+0600: 22.071: Total time for which application threads were stopped: 0.0000703 seconds, Stopping threads took: 0.0000176 seconds
2017-03-20T09:58:48.152+0600: 22.071: Total time for which application threads were stopped: 0.0000841 seconds, Stopping threads took: 0.0000450 seconds
2017-03-20T09:58:48.152+0600: 22.071: Total time for which application threads were stopped: 0.0000415 seconds, Stopping threads took: 0.0000071 seconds
2017-03-20T09:58:48.152+0600: 22.072: Total time for which application threads were stopped: 0.0000457 seconds, Stopping threads took: 0.0000086 seconds
2017-03-20T09:58:48.152+0600: 22.072: Total time for which application threads were stopped: 0.0000735 seconds, Stopping threads took: 0.0000127 seconds
2017-03-20T09:58:48.153+0600: 22.072: Total time for which application threads were stopped: 0.0001008 seconds, Stopping threads took: 0.0000231 seconds
2017-03-20T09:58:48.153+0600: 22.072: Total time for which application threads were stopped: 0.0002733 seconds, Stopping threads took: 0.0001945 seconds
2017-03-20T09:58:48.155+0600: 22.075: Total time for which application threads were stopped: 0.0003658 seconds, Stopping threads took: 0.0001460 seconds
2017-03-20T09:58:48.155+0600: 22.075: Total time for which application threads were stopped: 0.0000901 seconds, Stopping threads took: 0.0000441 seconds
2017-03-20T09:58:48.179+0600: 22.098: Total time for which application threads were stopped: 0.0025877 seconds, Stopping threads took: 0.0024687 seconds
2017-03-20T09:58:48.179+0600: 22.099: Total time for which application threads were stopped: 0.0000659 seconds, Stopping threads took: 0.0000128 seconds
2017-03-20T09:58:48.202+0600: 22.121: Total time for which application threads were stopped: 0.0001351 seconds, Stopping threads took: 0.0000376 seconds
2017-03-20T09:58:48.202+0600: 22.121: Total time for which application threads were stopped: 0.0000712 seconds, Stopping threads took: 0.0000207 seconds
2017-03-20T09:58:48.235+0600: 22.154: Total time for which application threads were stopped: 0.0001226 seconds, Stopping threads took: 0.0000397 seconds
2017-03-20T09:58:48.235+0600: 22.155: Total time for which application threads were stopped: 0.0001612 seconds, Stopping threads took: 0.0001104 seconds
2017-03-20T09:58:48.264+0600: 22.183: Total time for which application threads were stopped: 0.0005487 seconds, Stopping threads took: 0.0004718 seconds
2017-03-20T09:58:48.264+0600: 22.183: Total time for which application threads were stopped: 0.0000592 seconds, Stopping threads took: 0.0000277 seconds
2017-03-20T09:58:49.267+0600: 23.186: Total time for which application threads were stopped: 0.0001273 seconds, Stopping threads took: 0.0000476 seconds
2017-03-20T09:59:09.045+0600: 42.964: Total time for which application threads were stopped: 0.0001377 seconds, Stopping threads took: 0.0000471 seconds
2017-03-20T09:59:09.059+0600: 42.977: Total time for which application threads were stopped: 0.0001041 seconds, Stopping threads took: 0.0000205 seconds
2017-03-20T09:59:09.066+0600: 42.984: Total time for which application threads were stopped: 0.0003743 seconds, Stopping threads took: 0.0000176 seconds
2017-03-20T09:59:09.139+0600: 43.057: Total time for which application threads were stopped: 0.0004165 seconds, Stopping threads took: 0.0000209 seconds
2017-03-20T09:59:09.144+0600: 43.063: Total time for which application threads were stopped: 0.0000704 seconds, Stopping threads took: 0.0000179 seconds
2017-03-20T09:59:09.159+0600: 43.077: Total time for which application threads were stopped: 0.0001009 seconds, Stopping threads took: 0.0000204 seconds
2017-03-20T09:59:09.159+0600: 43.077: Total time for which application threads were stopped: 0.0000474 seconds, Stopping threads took: 0.0000087 seconds
2017-03-20T09:59:09.179+0600: 43.098: Total time for which application threads were stopped: 0.0000703 seconds, Stopping threads took: 0.0000172 seconds
2017-03-20T09:59:09.179+0600: 43.098: Total time for which application threads were stopped: 0.0000686 seconds, Stopping threads took: 0.0000193 seconds
2017-03-20T09:59:09.195+0600: 43.113: Total time for which application threads were stopped: 0.0000800 seconds, Stopping threads took: 0.0000198 seconds
2017-03-20T09:59:09.195+0600: 43.114: Total time for which application threads were stopped: 0.0000397 seconds, Stopping threads took: 0.0000078 seconds
2017-03-20T09:59:09.195+0600: 43.114: Total time for which application threads were stopped: 0.0000356 seconds, Stopping threads took: 0.0000069 seconds
2017-03-20T09:59:09.196+0600: 43.114: Total time for which application threads were stopped: 0.0000333 seconds, Stopping threads took: 0.0000065 seconds
2017-03-20T09:59:09.196+0600: 43.114: Total time for which application threads were stopped: 0.0000297 seconds, Stopping threads took: 0.0000058 seconds
2017-03-20T09:59:09.196+0600: 43.114: Total time for which application threads were stopped: 0.0000315 seconds, Stopping threads took: 0.0000059 seconds
2017-03-20T09:59:09.196+0600: 43.114: Total time for which application threads were stopped: 0.0000298 seconds, Stopping threads took: 0.0000063 seconds
2017-03-20T09:59:09.196+0600: 43.114: Total time for which application threads were stopped: 0.0000348 seconds, Stopping threads took: 0.0000061 seconds
2017-03-20T09:59:09.196+0600: 43.114: Total time for which application threads were stopped: 0.0000466 seconds, Stopping threads took: 0.0000181 seconds
2017-03-20T09:59:09.196+0600: 43.114: Total time for which application threads were stopped: 0.0000307 seconds, Stopping threads took: 0.0000061 seconds
2017-03-20T09:59:09.196+0600: 43.115: Total time for which application threads were stopped: 0.0000394 seconds, Stopping threads took: 0.0000067 seconds
2017-03-20T09:59:09.196+0600: 43.115: Total time for which application threads were stopped: 0.0000331 seconds, Stopping threads took: 0.0000059 seconds
2017-03-20T09:59:09.196+0600: 43.115: Total time for which application threads were stopped: 0.0000339 seconds, Stopping threads took: 0.0000062 seconds
2017-03-20T09:59:09.197+0600: 43.115: Total time for which application threads were stopped: 0.0000475 seconds, Stopping threads took: 0.0000081 seconds
2017-03-20T09:59:09.197+0600: 43.116: Total time for which application threads were stopped: 0.0000421 seconds, Stopping threads took: 0.0000081 seconds
2017-03-20T09:59:09.197+0600: 43.116: Total time for which application threads were stopped: 0.0000357 seconds, Stopping threads took: 0.0000057 seconds
2017-03-20T09:59:09.198+0600: 43.116: Total time for which application threads were stopped: 0.0000567 seconds, Stopping threads took: 0.0000099 seconds
2017-03-20T09:59:09.228+0600: 43.146: Total time for which application threads were stopped: 0.0004040 seconds, Stopping threads took: 0.0000201 seconds
2017-03-20T09:59:09.252+0600: 43.171: Total time for which application threads were stopped: 0.0004183 seconds, Stopping threads took: 0.0000194 seconds
2017-03-20T09:59:09.264+0600: 43.182: Total time for which application threads were stopped: 0.0000772 seconds, Stopping threads took: 0.0000181 seconds
2017-03-20T09:59:09.498+0600: 43.417: Total time for which application threads were stopped: 0.0002274 seconds, Stopping threads took: 0.0000413 seconds
2017-03-20T09:59:09.530+0600: 43.449: Total time for which application threads were stopped: 0.0001353 seconds, Stopping threads took: 0.0000428 seconds
2017-03-20T09:59:09.531+0600: 43.449: Total time for which application threads were stopped: 0.0000784 seconds, Stopping threads took: 0.0000237 seconds
2017-03-20T09:59:09.531+0600: 43.450: Total time for which application threads were stopped: 0.0000695 seconds, Stopping threads took: 0.0000254 seconds
2017-03-20T09:59:09.677+0600: 43.595: Total time for which application threads were stopped: 0.0001663 seconds, Stopping threads took: 0.0000318 seconds
2017-03-20T09:59:09.683+0600: 43.602: Total time for which application threads were stopped: 0.0001000 seconds, Stopping threads took: 0.0000216 seconds
2017-03-20T09:59:09.683+0600: 43.602: Total time for which application threads were stopped: 0.0000581 seconds, Stopping threads took: 0.0000112 seconds
2017-03-20T09:59:09.685+0600: 43.603: Total time for which application threads were stopped: 0.0000847 seconds, Stopping threads took: 0.0000262 seconds
2017-03-20T09:59:09.685+0600: 43.604: Total time for which application threads were stopped: 0.0000547 seconds, Stopping threads took: 0.0000103 seconds
2017-03-20T09:59:09.690+0600: 43.608: Total time for which application threads were stopped: 0.0005998 seconds, Stopping threads took: 0.0000253 seconds
{Heap before GC invocations=3 (full 1):
 par new generation   total 109248K, used 96073K [0x00000007a0000000, 0x00000007a8000000, 0x00000007a8000000)
  eden space 87424K, 100% used [0x00000007a0000000, 0x00000007a5560000, 0x00000007a5560000)
  from space 21824K,  39% used [0x00000007a6ab0000, 0x00000007a7322430, 0x00000007a8000000)
  to   space 21824K,   0% used [0x00000007a5560000, 0x00000007a5560000, 0x00000007a6ab0000)
 concurrent mark-sweep generation total 393216K, used 0K [0x00000007a8000000, 0x00000007c0000000, 0x00000007c0000000)
 Metaspace       used 31454K, capacity 31924K, committed 32380K, reserved 1077248K
  class space    used 3768K, capacity 3925K, committed 3964K, reserved 1048576K
2017-03-20T09:59:09.711+0600: 43.629: [GC (Allocation Failure) 2017-03-20T09:59:09.711+0600: 43.629: [ParNew
Desired survivor size 20112992 bytes, new threshold 8 (max 8)
- age   1:    9735424 bytes,    9735424 total
- age   2:     231552 bytes,    9966976 total
- age   3:    1191048 bytes,   11158024 total
- age   4:    5516672 bytes,   16674696 total
: 96073K->19633K(109248K), 0.0188428 secs] 96073K->19633K(502464K), 0.0189564 secs] [Times: user=0.06 sys=0.00, real=0.02 secs] 
Heap after GC invocations=4 (full 1):
 par new generation   total 109248K, used 19633K [0x00000007a0000000, 0x00000007a8000000, 0x00000007a8000000)
  eden space 87424K,   0% used [0x00000007a0000000, 0x00000007a0000000, 0x00000007a5560000)
  from space 21824K,  89% used [0x00000007a5560000, 0x00000007a688c5c0, 0x00000007a6ab0000)
  to   space 21824K,   0% used [0x00000007a6ab0000, 0x00000007a6ab0000, 0x00000007a8000000)
 concurrent mark-sweep generation total 393216K, used 0K [0x00000007a8000000, 0x00000007c0000000, 0x00000007c0000000)
 Metaspace       used 31454K, capacity 31924K, committed 32380K, reserved 1077248K
  class space    used 3768K, capacity 3925K, committed 3964K, reserved 1048576K
}
2017-03-20T09:59:09.730+0600: 43.648: Total time for which application threads were stopped: 0.0191788 seconds, Stopping threads took: 0.0000208 seconds
2017-03-20T09:59:09.762+0600: 43.680: Total time for which application threads were stopped: 0.0001383 seconds, Stopping threads took: 0.0000469 seconds
2017-03-20T09:59:09.766+0600: 43.684: Total time for which application threads were stopped: 0.0001214 seconds, Stopping threads took: 0.0000339 seconds
2017-03-20T09:59:09.973+0600: 43.891: Total time for which application threads were stopped: 0.0002719 seconds, Stopping threads took: 0.0000246 seconds
2017-03-20T09:59:10.973+0600: 44.892: Total time for which application threads were stopped: 0.0002740 seconds, Stopping threads took: 0.0000257 seconds
2017-03-20T09:59:15.992+0600: 49.910: Total time for which application threads were stopped: 0.0001215 seconds, Stopping threads took: 0.0000269 seconds
2017-03-20T09:59:16.248+0600: 50.166: Total time for which application threads were stopped: 0.0001378 seconds, Stopping threads took: 0.0000224 seconds
2017-03-20T09:59:16.248+0600: 50.167: Total time for which application threads were stopped: 0.0000670 seconds, Stopping threads took: 0.0000103 seconds
2017-03-20T09:59:16.249+0600: 50.167: Total time for which application threads were stopped: 0.0000637 seconds, Stopping threads took: 0.0000090 seconds
2017-03-20T09:59:16.249+0600: 50.167: Total time for which application threads were stopped: 0.0000968 seconds, Stopping threads took: 0.0000163 seconds
2017-03-20T09:59:16.250+0600: 50.168: Total time for which application threads were stopped: 0.0001944 seconds, Stopping threads took: 0.0000146 seconds
2017-03-20T09:59:16.281+0600: 50.199: Total time for which application threads were stopped: 0.0004118 seconds, Stopping threads took: 0.0003124 seconds
2017-03-20T09:59:16.283+0600: 50.201: Total time for which application threads were stopped: 0.0001445 seconds, Stopping threads took: 0.0000221 seconds
2017-03-20T09:59:16.284+0600: 50.203: Total time for which application threads were stopped: 0.0001275 seconds, Stopping threads took: 0.0000287 seconds
2017-03-20T09:59:16.310+0600: 50.228: Total time for which application threads were stopped: 0.0001717 seconds, Stopping threads took: 0.0000396 seconds
2017-03-20T09:59:16.310+0600: 50.228: Total time for which application threads were stopped: 0.0000783 seconds, Stopping threads took: 0.0000095 seconds
2017-03-20T09:59:16.315+0600: 50.233: Total time for which application threads were stopped: 0.0001126 seconds, Stopping threads took: 0.0000434 seconds
2017-03-20T09:59:16.318+0600: 50.236: Total time for which application threads were stopped: 0.0001741 seconds, Stopping threads took: 0.0000263 seconds
2017-03-20T09:59:17.319+0600: 51.237: Total time for which application threads were stopped: 0.0001428 seconds, Stopping threads took: 0.0000254 seconds
2017-03-20T09:59:18.466+0600: 52.384: Total time for which application threads were stopped: 0.0001479 seconds, Stopping threads took: 0.0000349 seconds
2017-03-20T09:59:18.471+0600: 52.389: Total time for which application threads were stopped: 0.0001310 seconds, Stopping threads took: 0.0000230 seconds
2017-03-20T09:59:18.471+0600: 52.389: Total time for which application threads were stopped: 0.0001304 seconds, Stopping threads took: 0.0000404 seconds
2017-03-20T09:59:18.472+0600: 52.390: Total time for which application threads were stopped: 0.0001231 seconds, Stopping threads took: 0.0000134 seconds
2017-03-20T09:59:18.473+0600: 52.391: Total time for which application threads were stopped: 0.0001119 seconds, Stopping threads took: 0.0000197 seconds
2017-03-20T09:59:18.474+0600: 52.392: Total time for which application threads were stopped: 0.0000756 seconds, Stopping threads took: 0.0000119 seconds
2017-03-20T09:59:18.475+0600: 52.393: Total time for which application threads were stopped: 0.0000910 seconds, Stopping threads took: 0.0000152 seconds
2017-03-20T09:59:18.481+0600: 52.399: Total time for which application threads were stopped: 0.0001200 seconds, Stopping threads took: 0.0000250 seconds
2017-03-20T09:59:18.481+0600: 52.399: Total time for which application threads were stopped: 0.0000884 seconds, Stopping threads took: 0.0000295 seconds
2017-03-20T09:59:18.484+0600: 52.402: Total time for which application threads were stopped: 0.0000948 seconds, Stopping threads took: 0.0000199 seconds
2017-03-20T09:59:18.484+0600: 52.402: Total time for which application threads were stopped: 0.0000627 seconds, Stopping threads took: 0.0000117 seconds
2017-03-20T09:59:18.502+0600: 52.420: Total time for which application threads were stopped: 0.0001241 seconds, Stopping threads took: 0.0000214 seconds
2017-03-20T09:59:18.502+0600: 52.420: Total time for which application threads were stopped: 0.0000646 seconds, Stopping threads took: 0.0000087 seconds
2017-03-20T09:59:18.515+0600: 52.433: Total time for which application threads were stopped: 0.0001485 seconds, Stopping threads took: 0.0000513 seconds
2017-03-20T09:59:18.516+0600: 52.434: Total time for which application threads were stopped: 0.0000967 seconds, Stopping threads took: 0.0000317 seconds
2017-03-20T09:59:18.525+0600: 52.443: Total time for which application threads were stopped: 0.0001466 seconds, Stopping threads took: 0.0000367 seconds
2017-03-20T09:59:18.525+0600: 52.443: Total time for which application threads were stopped: 0.0000929 seconds, Stopping threads took: 0.0000229 seconds
2017-03-20T09:59:18.533+0600: 52.451: Total time for which application threads were stopped: 0.0001442 seconds, Stopping threads took: 0.0000388 seconds
2017-03-20T09:59:18.533+0600: 52.451: Total time for which application threads were stopped: 0.0000914 seconds, Stopping threads took: 0.0000276 seconds
2017-03-20T09:59:48.609+0600: 82.526: Total time for which application threads were stopped: 0.0000946 seconds, Stopping threads took: 0.0000229 seconds
2017-03-20T09:59:58.630+0600: 92.547: Total time for which application threads were stopped: 0.0001293 seconds, Stopping threads took: 0.0000235 seconds
2017-03-20T10:00:16.321+0600: 110.236: Total time for which application threads were stopped: 0.0001078 seconds, Stopping threads took: 0.0000251 seconds
2017-03-20T10:01:20.520+0600: 174.433: Total time for which application threads were stopped: 0.0002320 seconds, Stopping threads took: 0.0000557 seconds
2017-03-20T10:06:45.737+0600: 499.637: Total time for which application threads were stopped: 0.0001521 seconds, Stopping threads took: 0.0000388 seconds
2017-03-20T10:06:45.738+0600: 499.638: Total time for which application threads were stopped: 0.0000847 seconds, Stopping threads took: 0.0000134 seconds
2017-03-20T10:06:45.739+0600: 499.639: Total time for which application threads were stopped: 0.0000758 seconds, Stopping threads took: 0.0000124 seconds
2017-03-20T10:06:45.740+0600: 499.640: Total time for which application threads were stopped: 0.0000787 seconds, Stopping threads took: 0.0000120 seconds
2017-03-20T10:06:45.740+0600: 499.640: Total time for which application threads were stopped: 0.0000683 seconds, Stopping threads took: 0.0000112 seconds
2017-03-20T10:06:45.741+0600: 499.641: Total time for which application threads were stopped: 0.0001172 seconds, Stopping threads took: 0.0000435 seconds
2017-03-20T10:06:46.012+0600: 499.912: Total time for which application threads were stopped: 0.0001670 seconds, Stopping threads took: 0.0000199 seconds
2017-03-20T10:06:46.013+0600: 499.913: Total time for which application threads were stopped: 0.0001059 seconds, Stopping threads took: 0.0000308 seconds
{Heap before GC invocations=4 (full 1):
 par new generation   total 109248K, used 107057K [0x00000007a0000000, 0x00000007a8000000, 0x00000007a8000000)
  eden space 87424K, 100% used [0x00000007a0000000, 0x00000007a5560000, 0x00000007a5560000)
  from space 21824K,  89% used [0x00000007a5560000, 0x00000007a688c5c0, 0x00000007a6ab0000)
  to   space 21824K,   0% used [0x00000007a6ab0000, 0x00000007a6ab0000, 0x00000007a8000000)
 concurrent mark-sweep generation total 393216K, used 0K [0x00000007a8000000, 0x00000007c0000000, 0x00000007c0000000)
 Metaspace       used 33656K, capacity 34210K, committed 34684K, reserved 1079296K
  class space    used 3973K, capacity 4128K, committed 4220K, reserved 1048576K
2017-03-20T10:06:46.895+0600: 500.796: [GC (Allocation Failure) 2017-03-20T10:06:46.896+0600: 500.796: [ParNew
Desired survivor size 20112992 bytes, new threshold 8 (max 8)
- age   1:    6669176 bytes,    6669176 total
- age   2:    6224216 bytes,   12893392 total
- age   3:     227240 bytes,   13120632 total
- age   4:    1174264 bytes,   14294896 total
- age   5:    5497032 bytes,   19791928 total
: 107057K->20665K(109248K), 0.0277252 secs] 107057K->20665K(502464K), 0.0278101 secs] [Times: user=0.06 sys=0.02, real=0.03 secs] 
Heap after GC invocations=5 (full 1):
 par new generation   total 109248K, used 20665K [0x00000007a0000000, 0x00000007a8000000, 0x00000007a8000000)
  eden space 87424K,   0% used [0x00000007a0000000, 0x00000007a0000000, 0x00000007a5560000)
  from space 21824K,  94% used [0x00000007a6ab0000, 0x00000007a7ede7d0, 0x00000007a8000000)
  to   space 21824K,   0% used [0x00000007a5560000, 0x00000007a5560000, 0x00000007a6ab0000)
 concurrent mark-sweep generation total 393216K, used 0K [0x00000007a8000000, 0x00000007c0000000, 0x00000007c0000000)
 Metaspace       used 33656K, capacity 34210K, committed 34684K, reserved 1079296K
  class space    used 3973K, capacity 4128K, committed 4220K, reserved 1048576K
}
2017-03-20T10:06:46.923+0600: 500.824: Total time for which application threads were stopped: 0.0281544 seconds, Stopping threads took: 0.0000264 seconds
2017-03-20T10:06:47.925+0600: 501.825: Total time for which application threads were stopped: 0.0002977 seconds, Stopping threads took: 0.0001195 seconds
2017-03-20T10:06:48.927+0600: 502.827: Total time for which application threads were stopped: 0.0000914 seconds, Stopping threads took: 0.0000248 seconds
{Heap before GC invocations=5 (full 1):
 par new generation   total 109248K, used 108089K [0x00000007a0000000, 0x00000007a8000000, 0x00000007a8000000)
  eden space 87424K, 100% used [0x00000007a0000000, 0x00000007a5560000, 0x00000007a5560000)
  from space 21824K,  94% used [0x00000007a6ab0000, 0x00000007a7ede7d0, 0x00000007a8000000)
  to   space 21824K,   0% used [0x00000007a5560000, 0x00000007a5560000, 0x00000007a6ab0000)
 concurrent mark-sweep generation total 393216K, used 0K [0x00000007a8000000, 0x00000007c0000000, 0x00000007c0000000)
 Metaspace       used 33684K, capacity 34216K, committed 34684K, reserved 1079296K
  class space    used 3974K, capacity 4129K, committed 4220K, reserved 1048576K
2017-03-20T10:06:49.152+0600: 503.053: [GC (Allocation Failure) 2017-03-20T10:06:49.152+0600: 503.053: [ParNew
Desired survivor size 20112992 bytes, new threshold 8 (max 8)
- age   1:    4689816 bytes,    4689816 total
- age   2:    2848864 bytes,    7538680 total
- age   3:    3991904 bytes,   11530584 total
- age   4:     227240 bytes,   11757824 total
- age   5:    1173384 bytes,   12931208 total
- age   6:    5384288 bytes,   18315496 total
: 108089K->21824K(109248K), 0.0253376 secs] 108089K->27902K(502464K), 0.0254125 secs] [Times: user=0.05 sys=0.01, real=0.02 secs] 
Heap after GC invocations=6 (full 1):
 par new generation   total 109248K, used 21824K [0x00000007a0000000, 0x00000007a8000000, 0x00000007a8000000)
  eden space 87424K,   0% used [0x00000007a0000000, 0x00000007a0000000, 0x00000007a5560000)
  from space 21824K, 100% used [0x00000007a5560000, 0x00000007a6ab0000, 0x00000007a6ab0000)
  to   space 21824K,   0% used [0x00000007a6ab0000, 0x00000007a6ab0000, 0x00000007a8000000)
 concurrent mark-sweep generation total 393216K, used 6078K [0x00000007a8000000, 0x00000007c0000000, 0x00000007c0000000)
 Metaspace       used 33684K, capacity 34216K, committed 34684K, reserved 1079296K
  class space    used 3974K, capacity 4129K, committed 4220K, reserved 1048576K
}
2017-03-20T10:06:49.178+0600: 503.078: Total time for which application threads were stopped: 0.0255872 seconds, Stopping threads took: 0.0000198 seconds
2017-03-20T10:06:50.182+0600: 504.082: Total time for which application threads were stopped: 0.0001466 seconds, Stopping threads took: 0.0000394 seconds
2017-03-20T10:06:51.183+0600: 505.083: Total time for which application threads were stopped: 0.0002223 seconds, Stopping threads took: 0.0001378 seconds
{Heap before GC invocations=6 (full 1):
 par new generation   total 109248K, used 109248K [0x00000007a0000000, 0x00000007a8000000, 0x00000007a8000000)
  eden space 87424K, 100% used [0x00000007a0000000, 0x00000007a5560000, 0x00000007a5560000)
  from space 21824K, 100% used [0x00000007a5560000, 0x00000007a6ab0000, 0x00000007a6ab0000)
  to   space 21824K,   0% used [0x00000007a6ab0000, 0x00000007a6ab0000, 0x00000007a8000000)
 concurrent mark-sweep generation total 393216K, used 6078K [0x00000007a8000000, 0x00000007c0000000, 0x00000007c0000000)
 Metaspace       used 33741K, capacity 34280K, committed 34684K, reserved 1079296K
  class space    used 3974K, capacity 4129K, committed 4220K, reserved 1048576K
2017-03-20T10:06:51.369+0600: 505.269: [GC (Allocation Failure) 2017-03-20T10:06:51.369+0600: 505.269: [ParNew
Desired survivor size 20112992 bytes, new threshold 7 (max 8)
- age   1:    6561440 bytes,    6561440 total
- age   2:    3530184 bytes,   10091624 total
- age   3:    2553992 bytes,   12645616 total
- age   4:    3737816 bytes,   16383432 total
- age   5:     227224 bytes,   16610656 total
- age   6:    1167672 bytes,   17778328 total
- age   7:    4568312 bytes,   22346640 total
: 109248K->21824K(109248K), 0.0271401 secs] 115326K->35343K(502464K), 0.0272009 secs] [Times: user=0.06 sys=0.01, real=0.03 secs] 
Heap after GC invocations=7 (full 1):
 par new generation   total 109248K, used 21824K [0x00000007a0000000, 0x00000007a8000000, 0x00000007a8000000)
  eden space 87424K,   0% used [0x00000007a0000000, 0x00000007a0000000, 0x00000007a5560000)
  from space 21824K, 100% used [0x00000007a6ab0000, 0x00000007a8000000, 0x00000007a8000000)
  to   space 21824K,   0% used [0x00000007a5560000, 0x00000007a5560000, 0x00000007a6ab0000)
 concurrent mark-sweep generation total 393216K, used 13519K [0x00000007a8000000, 0x00000007c0000000, 0x00000007c0000000)
 Metaspace       used 33741K, capacity 34280K, committed 34684K, reserved 1079296K
  class space    used 3974K, capacity 4129K, committed 4220K, reserved 1048576K
}
2017-03-20T10:06:51.397+0600: 505.297: Total time for which application threads were stopped: 0.0273789 seconds, Stopping threads took: 0.0000196 seconds
2017-03-20T10:06:52.400+0600: 506.300: Total time for which application threads were stopped: 0.0001439 seconds, Stopping threads took: 0.0000248 seconds
2017-03-20T10:06:53.401+0600: 507.301: Total time for which application threads were stopped: 0.0001289 seconds, Stopping threads took: 0.0000255 seconds
{Heap before GC invocations=7 (full 1):
 par new generation   total 109248K, used 109246K [0x00000007a0000000, 0x00000007a8000000, 0x00000007a8000000)
  eden space 87424K,  99% used [0x00000007a0000000, 0x00000007a555f860, 0x00000007a5560000)
  from space 21824K, 100% used [0x00000007a6ab0000, 0x00000007a8000000, 0x00000007a8000000)
  to   space 21824K,   0% used [0x00000007a5560000, 0x00000007a5560000, 0x00000007a6ab0000)
 concurrent mark-sweep generation total 393216K, used 13519K [0x00000007a8000000, 0x00000007c0000000, 0x00000007c0000000)
 Metaspace       used 33836K, capacity 34344K, committed 34940K, reserved 1079296K
  class space    used 3974K, capacity 4129K, committed 4220K, reserved 1048576K
2017-03-20T10:06:53.729+0600: 507.629: [GC (Allocation Failure) 2017-03-20T10:06:53.729+0600: 507.629: [ParNew
Desired survivor size 20112992 bytes, new threshold 8 (max 8)
- age   1:    9206088 bytes,    9206088 total
- age   2:    1400496 bytes,   10606584 total
- age   3:    2040520 bytes,   12647104 total
- age   4:    1706600 bytes,   14353704 total
- age   5:    3258184 bytes,   17611888 total
- age   6:     111392 bytes,   17723280 total
- age   7:     795496 bytes,   18518776 total
: 109246K->21824K(109248K), 0.0607092 secs] 122765K->53217K(502464K), 0.0610689 secs] [Times: user=0.09 sys=0.02, real=0.07 secs] 
Heap after GC invocations=8 (full 1):
 par new generation   total 109248K, used 21824K [0x00000007a0000000, 0x00000007a8000000, 0x00000007a8000000)
  eden space 87424K,   0% used [0x00000007a0000000, 0x00000007a0000000, 0x00000007a5560000)
  from space 21824K, 100% used [0x00000007a5560000, 0x00000007a6ab0000, 0x00000007a6ab0000)
  to   space 21824K,   0% used [0x00000007a6ab0000, 0x00000007a6ab0000, 0x00000007a8000000)
 concurrent mark-sweep generation total 393216K, used 31393K [0x00000007a8000000, 0x00000007c0000000, 0x00000007c0000000)
 Metaspace       used 33836K, capacity 34344K, committed 34940K, reserved 1079296K
  class space    used 3974K, capacity 4129K, committed 4220K, reserved 1048576K
}
2017-03-20T10:06:53.790+0600: 507.690: Total time for which application threads were stopped: 0.0612687 seconds, Stopping threads took: 0.0000206 seconds
2017-03-20T10:06:54.793+0600: 508.693: Total time for which application threads were stopped: 0.0001200 seconds, Stopping threads took: 0.0000276 seconds
2017-03-20T10:06:55.318+0600: 509.218: Total time for which application threads were stopped: 0.0001430 seconds, Stopping threads took: 0.0000329 seconds
{Heap before GC invocations=8 (full 1):
 par new generation   total 109248K, used 109248K [0x00000007a0000000, 0x00000007a8000000, 0x00000007a8000000)
  eden space 87424K, 100% used [0x00000007a0000000, 0x00000007a5560000, 0x00000007a5560000)
  from space 21824K, 100% used [0x00000007a5560000, 0x00000007a6ab0000, 0x00000007a6ab0000)
  to   space 21824K,   0% used [0x00000007a6ab0000, 0x00000007a6ab0000, 0x00000007a8000000)
 concurrent mark-sweep generation total 393216K, used 31393K [0x00000007a8000000, 0x00000007c0000000, 0x00000007c0000000)
 Metaspace       used 33847K, capacity 34408K, committed 34940K, reserved 1079296K
  class space    used 3974K, capacity 4129K, committed 4220K, reserved 1048576K
2017-03-20T10:06:56.312+0600: 510.212: [GC (Allocation Failure) 2017-03-20T10:06:56.312+0600: 510.212: [ParNew
Desired survivor size 20112992 bytes, new threshold 8 (max 8)
- age   1:    8154144 bytes,    8154144 total
- age   2:    3152184 bytes,   11306328 total
- age   3:    1100480 bytes,   12406808 total
- age   4:    2036952 bytes,   14443760 total
- age   5:    1659136 bytes,   16102896 total
- age   6:    2983992 bytes,   19086888 total
- age   7:      73816 bytes,   19160704 total
- age   8:     707592 bytes,   19868296 total
: 109248K->21824K(109248K), 0.0206776 secs] 140641K->63842K(502464K), 0.0208052 secs] [Times: user=0.04 sys=0.01, real=0.02 secs] 
Heap after GC invocations=9 (full 1):
 par new generation   total 109248K, used 21824K [0x00000007a0000000, 0x00000007a8000000, 0x00000007a8000000)
  eden space 87424K,   0% used [0x00000007a0000000, 0x00000007a0000000, 0x00000007a5560000)
  from space 21824K, 100% used [0x00000007a6ab0000, 0x00000007a8000000, 0x00000007a8000000)
  to   space 21824K,   0% used [0x00000007a5560000, 0x00000007a5560000, 0x00000007a6ab0000)
 concurrent mark-sweep generation total 393216K, used 42018K [0x00000007a8000000, 0x00000007c0000000, 0x00000007c0000000)
 Metaspace       used 33847K, capacity 34408K, committed 34940K, reserved 1079296K
  class space    used 3974K, capacity 4129K, committed 4220K, reserved 1048576K
}
2017-03-20T10:06:56.333+0600: 510.232: Total time for which application threads were stopped: 0.0210078 seconds, Stopping threads took: 0.0000207 seconds
2017-03-20T10:06:58.337+0600: 512.237: Total time for which application threads were stopped: 0.0001332 seconds, Stopping threads took: 0.0000279 seconds
2017-03-20T10:06:58.705+0600: 512.605: Total time for which application threads were stopped: 0.0001921 seconds, Stopping threads took: 0.0000510 seconds
{Heap before GC invocations=9 (full 1):
 par new generation   total 109248K, used 109248K [0x00000007a0000000, 0x00000007a8000000, 0x00000007a8000000)
  eden space 87424K, 100% used [0x00000007a0000000, 0x00000007a5560000, 0x00000007a5560000)
  from space 21824K, 100% used [0x00000007a6ab0000, 0x00000007a8000000, 0x00000007a8000000)
  to   space 21824K,   0% used [0x00000007a5560000, 0x00000007a5560000, 0x00000007a6ab0000)
 concurrent mark-sweep generation total 393216K, used 42018K [0x00000007a8000000, 0x00000007c0000000, 0x00000007c0000000)
 Metaspace       used 33947K, capacity 34410K, committed 34940K, reserved 1079296K
  class space    used 3975K, capacity 4130K, committed 4220K, reserved 1048576K
2017-03-20T10:06:59.031+0600: 512.931: [GC (Allocation Failure) 2017-03-20T10:06:59.031+0600: 512.931: [ParNew
Desired survivor size 20112992 bytes, new threshold 7 (max 8)
- age   1:    9484368 bytes,    9484368 total
- age   2:    2042992 bytes,   11527360 total
- age   3:    2824224 bytes,   14351584 total
- age   4:    1099952 bytes,   15451536 total
- age   5:    2036952 bytes,   17488488 total
- age   6:    1656208 bytes,   19144696 total
- age   7:    2906576 bytes,   22051272 total
- age   8:      70912 bytes,   22122184 total
: 109248K->21824K(109248K), 0.0223386 secs] 151266K->77058K(502464K), 0.0226168 secs] [Times: user=0.04 sys=0.01, real=0.02 secs] 
Heap after GC invocations=10 (full 1):
 par new generation   total 109248K, used 21824K [0x00000007a0000000, 0x00000007a8000000, 0x00000007a8000000)
  eden space 87424K,   0% used [0x00000007a0000000, 0x00000007a0000000, 0x00000007a5560000)
  from space 21824K, 100% used [0x00000007a5560000, 0x00000007a6ab0000, 0x00000007a6ab0000)
  to   space 21824K,   0% used [0x00000007a6ab0000, 0x00000007a6ab0000, 0x00000007a8000000)
 concurrent mark-sweep generation total 393216K, used 55234K [0x00000007a8000000, 0x00000007c0000000, 0x00000007c0000000)
 Metaspace       used 33947K, capacity 34410K, committed 34940K, reserved 1079296K
  class space    used 3975K, capacity 4130K, committed 4220K, reserved 1048576K
}
2017-03-20T10:06:59.054+0600: 512.953: Total time for which application threads were stopped: 0.0228871 seconds, Stopping threads took: 0.0000224 seconds
2017-03-20T10:07:00.056+0600: 513.956: Total time for which application threads were stopped: 0.0001118 seconds, Stopping threads took: 0.0000293 seconds
{Heap before GC invocations=10 (full 1):
 par new generation   total 109248K, used 109088K [0x00000007a0000000, 0x00000007a8000000, 0x00000007a8000000)
  eden space 87424K,  99% used [0x00000007a0000000, 0x00000007a55380b8, 0x00000007a5560000)
  from space 21824K, 100% used [0x00000007a5560000, 0x00000007a6ab0000, 0x00000007a6ab0000)
  to   space 21824K,   0% used [0x00000007a6ab0000, 0x00000007a6ab0000, 0x00000007a8000000)
 concurrent mark-sweep generation total 393216K, used 55234K [0x00000007a8000000, 0x00000007c0000000, 0x00000007c0000000)
 Metaspace       used 34029K, capacity 34538K, committed 34940K, reserved 1079296K
  class space    used 3975K, capacity 4130K, committed 4220K, reserved 1048576K
2017-03-20T10:07:00.772+0600: 514.672: [GC (Allocation Failure) 2017-03-20T10:07:00.772+0600: 514.672: [ParNew
Desired survivor size 20112992 bytes, new threshold 6 (max 8)
- age   1:   12745712 bytes,   12745712 total
- age   2:    1265032 bytes,   14010744 total
- age   3:     971168 bytes,   14981912 total
- age   4:    2490096 bytes,   17472008 total
- age   5:    1099952 bytes,   18571960 total
- age   6:    2036952 bytes,   20608912 total
- age   7:    1570768 bytes,   22179680 total
: 109088K->21824K(109248K), 0.0432380 secs] 164322K->97821K(502464K), 0.0433258 secs] [Times: user=0.05 sys=0.01, real=0.04 secs] 
Heap after GC invocations=11 (full 1):
 par new generation   total 109248K, used 21824K [0x00000007a0000000, 0x00000007a8000000, 0x00000007a8000000)
  eden space 87424K,   0% used [0x00000007a0000000, 0x00000007a0000000, 0x00000007a5560000)
  from space 21824K, 100% used [0x00000007a6ab0000, 0x00000007a8000000, 0x00000007a8000000)
  to   space 21824K,   0% used [0x00000007a5560000, 0x00000007a5560000, 0x00000007a6ab0000)
 concurrent mark-sweep generation total 393216K, used 75997K [0x00000007a8000000, 0x00000007c0000000, 0x00000007c0000000)
 Metaspace       used 34029K, capacity 34538K, committed 34940K, reserved 1079296K
  class space    used 3975K, capacity 4130K, committed 4220K, reserved 1048576K
}
2017-03-20T10:07:00.816+0600: 514.715: Total time for which application threads were stopped: 0.0435331 seconds, Stopping threads took: 0.0000217 seconds
2017-03-20T10:07:01.816+0600: 515.716: Total time for which application threads were stopped: 0.0001359 seconds, Stopping threads took: 0.0000235 seconds
2017-03-20T10:07:02.822+0600: 516.721: Total time for which application threads were stopped: 0.0001269 seconds, Stopping threads took: 0.0000273 seconds
{Heap before GC invocations=11 (full 1):
 par new generation   total 109248K, used 109192K [0x00000007a0000000, 0x00000007a8000000, 0x00000007a8000000)
  eden space 87424K,  99% used [0x00000007a0000000, 0x00000007a55521e0, 0x00000007a5560000)
  from space 21824K, 100% used [0x00000007a6ab0000, 0x00000007a8000000, 0x00000007a8000000)
  to   space 21824K,   0% used [0x00000007a5560000, 0x00000007a5560000, 0x00000007a6ab0000)
 concurrent mark-sweep generation total 393216K, used 75997K [0x00000007a8000000, 0x00000007c0000000, 0x00000007c0000000)
 Metaspace       used 34033K, capacity 34538K, committed 34940K, reserved 1079296K
  class space    used 3975K, capacity 4130K, committed 4220K, reserved 1048576K
2017-03-20T10:07:03.427+0600: 517.326: [GC (Allocation Failure) 2017-03-20T10:07:03.427+0600: 517.326: [ParNew
Desired survivor size 20112992 bytes, new threshold 5 (max 8)
- age   1:   16051456 bytes,   16051456 total
- age   2:    1528656 bytes,   17580112 total
- age   3:     220400 bytes,   17800512 total
- age   4:     804696 bytes,   18605208 total
- age   5:    2225904 bytes,   20831112 total
- age   6:    1090336 bytes,   21921448 total
: 109192K->21824K(109248K), 0.0238440 secs] 185189K->108377K(502464K), 0.0239297 secs] [Times: user=0.04 sys=0.01, real=0.03 secs] 
Heap after GC invocations=12 (full 1):
 par new generation   total 109248K, used 21824K [0x00000007a0000000, 0x00000007a8000000, 0x00000007a8000000)
  eden space 87424K,   0% used [0x00000007a0000000, 0x00000007a0000000, 0x00000007a5560000)
  from space 21824K, 100% used [0x00000007a5560000, 0x00000007a6ab0000, 0x00000007a6ab0000)
  to   space 21824K,   0% used [0x00000007a6ab0000, 0x00000007a6ab0000, 0x00000007a8000000)
 concurrent mark-sweep generation total 393216K, used 86553K [0x00000007a8000000, 0x00000007c0000000, 0x00000007c0000000)
 Metaspace       used 34033K, capacity 34538K, committed 34940K, reserved 1079296K
  class space    used 3975K, capacity 4130K, committed 4220K, reserved 1048576K
}
2017-03-20T10:07:03.451+0600: 517.350: Total time for which application threads were stopped: 0.0241204 seconds, Stopping threads took: 0.0000210 seconds
2017-03-20T10:07:03.790+0600: 517.690: Total time for which application threads were stopped: 0.0001086 seconds, Stopping threads took: 0.0000145 seconds
2017-03-20T10:07:03.791+0600: 517.690: Total time for which application threads were stopped: 0.0000541 seconds, Stopping threads took: 0.0000093 seconds
2017-03-20T10:07:03.791+0600: 517.690: Total time for which application threads were stopped: 0.0000385 seconds, Stopping threads took: 0.0000058 seconds
2017-03-20T10:07:03.791+0600: 517.690: Total time for which application threads were stopped: 0.0000416 seconds, Stopping threads took: 0.0000064 seconds
2017-03-20T10:07:03.826+0600: 517.725: Total time for which application threads were stopped: 0.0002103 seconds, Stopping threads took: 0.0000225 seconds
{Heap before GC invocations=12 (full 1):
 par new generation   total 109248K, used 109248K [0x00000007a0000000, 0x00000007a8000000, 0x00000007a8000000)
  eden space 87424K, 100% used [0x00000007a0000000, 0x00000007a5560000, 0x00000007a5560000)
  from space 21824K, 100% used [0x00000007a5560000, 0x00000007a6ab0000, 0x00000007a6ab0000)
  to   space 21824K,   0% used [0x00000007a6ab0000, 0x00000007a6ab0000, 0x00000007a8000000)
 concurrent mark-sweep generation total 393216K, used 86553K [0x00000007a8000000, 0x00000007c0000000, 0x00000007c0000000)
 Metaspace       used 34104K, capacity 34602K, committed 35196K, reserved 1081344K
  class space    used 3976K, capacity 4130K, committed 4220K, reserved 1048576K
2017-03-20T10:07:04.717+0600: 518.616: [GC (Allocation Failure) 2017-03-20T10:07:04.717+0600: 518.616: [ParNew
Desired survivor size 20112992 bytes, new threshold 8 (max 8)
- age   1:    3691528 bytes,    3691528 total
- age   2:   10472912 bytes,   14164440 total
- age   3:    1266016 bytes,   15430456 total
- age   4:     220280 bytes,   15650736 total
- age   5:     804696 bytes,   16455432 total
: 109248K->21824K(109248K), 0.0208635 secs] 195801K->118475K(502464K), 0.0211965 secs] [Times: user=0.04 sys=0.01, real=0.02 secs] 
Heap after GC invocations=13 (full 1):
 par new generation   total 109248K, used 21824K [0x00000007a0000000, 0x00000007a8000000, 0x00000007a8000000)
  eden space 87424K,   0% used [0x00000007a0000000, 0x00000007a0000000, 0x00000007a5560000)
  from space 21824K, 100% used [0x00000007a6ab0000, 0x00000007a8000000, 0x00000007a8000000)
  to   space 21824K,   0% used [0x00000007a5560000, 0x00000007a5560000, 0x00000007a6ab0000)
 concurrent mark-sweep generation total 393216K, used 96651K [0x00000007a8000000, 0x00000007c0000000, 0x00000007c0000000)
 Metaspace       used 34104K, capacity 34602K, committed 35196K, reserved 1081344K
  class space    used 3976K, capacity 4130K, committed 4220K, reserved 1048576K
}
2017-03-20T10:07:04.738+0600: 518.637: Total time for which application threads were stopped: 0.0214866 seconds, Stopping threads took: 0.0000422 seconds
{Heap before GC invocations=13 (full 1):
 par new generation   total 109248K, used 109235K [0x00000007a0000000, 0x00000007a8000000, 0x00000007a8000000)
  eden space 87424K,  99% used [0x00000007a0000000, 0x00000007a555cdf0, 0x00000007a5560000)
  from space 21824K, 100% used [0x00000007a6ab0000, 0x00000007a8000000, 0x00000007a8000000)
  to   space 21824K,   0% used [0x00000007a5560000, 0x00000007a5560000, 0x00000007a6ab0000)
 concurrent mark-sweep generation total 393216K, used 96651K [0x00000007a8000000, 0x00000007c0000000, 0x00000007c0000000)
 Metaspace       used 34110K, capacity 34602K, committed 35196K, reserved 1081344K
  class space    used 3976K, capacity 4130K, committed 4220K, reserved 1048576K
2017-03-20T10:07:04.976+0600: 518.875: [GC (Allocation Failure) 2017-03-20T10:07:04.976+0600: 518.876: [ParNew
Desired survivor size 20112992 bytes, new threshold 8 (max 8)
- age   1:      55408 bytes,      55408 total
- age   2:    3663328 bytes,    3718736 total
- age   3:   10472912 bytes,   14191648 total
- age   4:    1266016 bytes,   15457664 total
- age   5:     220280 bytes,   15677944 total
- age   6:     804696 bytes,   16482640 total
: 109235K->21824K(109248K), 0.0097614 secs] 205886K->118475K(502464K), 0.0098506 secs] [Times: user=0.03 sys=0.00, real=0.01 secs] 
Heap after GC invocations=14 (full 1):
 par new generation   total 109248K, used 21824K [0x00000007a0000000, 0x00000007a8000000, 0x00000007a8000000)
  eden space 87424K,   0% used [0x00000007a0000000, 0x00000007a0000000, 0x00000007a5560000)
  from space 21824K, 100% used [0x00000007a5560000, 0x00000007a6ab0000, 0x00000007a6ab0000)
  to   space 21824K,   0% used [0x00000007a6ab0000, 0x00000007a6ab0000, 0x00000007a8000000)
 concurrent mark-sweep generation total 393216K, used 96651K [0x00000007a8000000, 0x00000007c0000000, 0x00000007c0000000)
 Metaspace       used 34110K, capacity 34602K, committed 35196K, reserved 1081344K
  class space    used 3976K, capacity 4130K, committed 4220K, reserved 1048576K
}
2017-03-20T10:07:04.986+0600: 518.885: Total time for which application threads were stopped: 0.0100977 seconds, Stopping threads took: 0.0000232 seconds
{Heap before GC invocations=14 (full 1):
 par new generation   total 109248K, used 109248K [0x00000007a0000000, 0x00000007a8000000, 0x00000007a8000000)
  eden space 87424K, 100% used [0x00000007a0000000, 0x00000007a5560000, 0x00000007a5560000)
  from space 21824K, 100% used [0x00000007a5560000, 0x00000007a6ab0000, 0x00000007a6ab0000)
  to   space 21824K,   0% used [0x00000007a6ab0000, 0x00000007a6ab0000, 0x00000007a8000000)
 concurrent mark-sweep generation total 393216K, used 96651K [0x00000007a8000000, 0x00000007c0000000, 0x00000007c0000000)
 Metaspace       used 34111K, capacity 34602K, committed 35196K, reserved 1081344K
  class space    used 3976K, capacity 4130K, committed 4220K, reserved 1048576K
2017-03-20T10:07:05.226+0600: 519.126: [GC (Allocation Failure) 2017-03-20T10:07:05.226+0600: 519.126: [ParNew
Desired survivor size 20112992 bytes, new threshold 8 (max 8)
- age   1:      63664 bytes,      63664 total
- age   2:       2096 bytes,      65760 total
- age   3:    3663328 bytes,    3729088 total
- age   4:   10472912 bytes,   14202000 total
- age   5:    1266016 bytes,   15468016 total
- age   6:     220280 bytes,   15688296 total
- age   7:     804696 bytes,   16492992 total
: 109248K->19984K(109248K), 0.0084216 secs] 205899K->116635K(502464K), 0.0084833 secs] [Times: user=0.02 sys=0.00, real=0.01 secs] 
Heap after GC invocations=15 (full 1):
 par new generation   total 109248K, used 19984K [0x00000007a0000000, 0x00000007a8000000, 0x00000007a8000000)
  eden space 87424K,   0% used [0x00000007a0000000, 0x00000007a0000000, 0x00000007a5560000)
  from space 21824K,  91% used [0x00000007a6ab0000, 0x00000007a7e34248, 0x00000007a8000000)
  to   space 21824K,   0% used [0x00000007a5560000, 0x00000007a5560000, 0x00000007a6ab0000)
 concurrent mark-sweep generation total 393216K, used 96651K [0x00000007a8000000, 0x00000007c0000000, 0x00000007c0000000)
 Metaspace       used 34111K, capacity 34602K, committed 35196K, reserved 1081344K
  class space    used 3976K, capacity 4130K, committed 4220K, reserved 1048576K
}
2017-03-20T10:07:05.235+0600: 519.134: Total time for which application threads were stopped: 0.0086818 seconds, Stopping threads took: 0.0000219 seconds
{Heap before GC invocations=15 (full 1):
 par new generation   total 109248K, used 107408K [0x00000007a0000000, 0x00000007a8000000, 0x00000007a8000000)
  eden space 87424K, 100% used [0x00000007a0000000, 0x00000007a5560000, 0x00000007a5560000)
  from space 21824K,  91% used [0x00000007a6ab0000, 0x00000007a7e34248, 0x00000007a8000000)
  to   space 21824K,   0% used [0x00000007a5560000, 0x00000007a5560000, 0x00000007a6ab0000)
 concurrent mark-sweep generation total 393216K, used 96651K [0x00000007a8000000, 0x00000007c0000000, 0x00000007c0000000)
 Metaspace       used 34116K, capacity 34666K, committed 35196K, reserved 1081344K
  class space    used 3976K, capacity 4130K, committed 4220K, reserved 1048576K
2017-03-20T10:07:05.516+0600: 519.415: [GC (Allocation Failure) 2017-03-20T10:07:05.516+0600: 519.415: [ParNew
Desired survivor size 20112992 bytes, new threshold 8 (max 8)
- age   1:      98344 bytes,      98344 total
- age   2:       4280 bytes,     102624 total
- age   3:       2096 bytes,     104720 total
- age   4:    3205096 bytes,    3309816 total
- age   5:   10472912 bytes,   13782728 total
- age   6:    1266016 bytes,   15048744 total
- age   7:     220280 bytes,   15269024 total
- age   8:     804696 bytes,   16073720 total
: 107408K->21824K(109248K), 0.0121185 secs] 204059K->118922K(502464K), 0.0122334 secs] [Times: user=0.03 sys=0.00, real=0.01 secs] 
Heap after GC invocations=16 (full 1):
 par new generation   total 109248K, used 21824K [0x00000007a0000000, 0x00000007a8000000, 0x00000007a8000000)
  eden space 87424K,   0% used [0x00000007a0000000, 0x00000007a0000000, 0x00000007a5560000)
  from space 21824K, 100% used [0x00000007a5560000, 0x00000007a6ab0000, 0x00000007a6ab0000)
  to   space 21824K,   0% used [0x00000007a6ab0000, 0x00000007a6ab0000, 0x00000007a8000000)
 concurrent mark-sweep generation total 393216K, used 97098K [0x00000007a8000000, 0x00000007c0000000, 0x00000007c0000000)
 Metaspace       used 34116K, capacity 34666K, committed 35196K, reserved 1081344K
  class space    used 3976K, capacity 4130K, committed 4220K, reserved 1048576K
}
2017-03-20T10:07:05.528+0600: 519.428: Total time for which application threads were stopped: 0.0125312 seconds, Stopping threads took: 0.0000469 seconds
{Heap before GC invocations=16 (full 1):
 par new generation   total 109248K, used 109248K [0x00000007a0000000, 0x00000007a8000000, 0x00000007a8000000)
  eden space 87424K, 100% used [0x00000007a0000000, 0x00000007a5560000, 0x00000007a5560000)
  from space 21824K, 100% used [0x00000007a5560000, 0x00000007a6ab0000, 0x00000007a6ab0000)
  to   space 21824K,   0% used [0x00000007a6ab0000, 0x00000007a6ab0000, 0x00000007a8000000)
 concurrent mark-sweep generation total 393216K, used 97098K [0x00000007a8000000, 0x00000007c0000000, 0x00000007c0000000)
 Metaspace       used 34116K, capacity 34666K, committed 35196K, reserved 1081344K
  class space    used 3976K, capacity 4130K, committed 4220K, reserved 1048576K
2017-03-20T10:07:05.790+0600: 519.690: [GC (Allocation Failure) 2017-03-20T10:07:05.790+0600: 519.690: [ParNew
Desired survivor size 20112992 bytes, new threshold 8 (max 8)
- age   1:      38040 bytes,      38040 total
- age   2:       2864 bytes,      40904 total
- age   3:       4128 bytes,      45032 total
- age   4:       2096 bytes,      47128 total
- age   5:    3237880 bytes,    3285008 total
- age   6:   10472912 bytes,   13757920 total
- age   7:    1266016 bytes,   15023936 total
- age   8:     220280 bytes,   15244216 total
: 109248K->18922K(109248K), 0.0141705 secs] 206346K->116807K(502464K), 0.0142412 secs] [Times: user=0.04 sys=0.01, real=0.01 secs] 
Heap after GC invocations=17 (full 1):
 par new generation   total 109248K, used 18922K [0x00000007a0000000, 0x00000007a8000000, 0x00000007a8000000)
  eden space 87424K,   0% used [0x00000007a0000000, 0x00000007a0000000, 0x00000007a5560000)
  from space 21824K,  86% used [0x00000007a6ab0000, 0x00000007a7d2abc0, 0x00000007a8000000)
  to   space 21824K,   0% used [0x00000007a5560000, 0x00000007a5560000, 0x00000007a6ab0000)
 concurrent mark-sweep generation total 393216K, used 97884K [0x00000007a8000000, 0x00000007c0000000, 0x00000007c0000000)
 Metaspace       used 34116K, capacity 34666K, committed 35196K, reserved 1081344K
  class space    used 3976K, capacity 4130K, committed 4220K, reserved 1048576K
}
2017-03-20T10:07:05.805+0600: 519.704: Total time for which application threads were stopped: 0.0145009 seconds, Stopping threads took: 0.0000249 seconds
2017-03-20T10:07:05.970+0600: 519.870: Total time for which application threads were stopped: 0.0001579 seconds, Stopping threads took: 0.0000246 seconds
2017-03-20T10:07:05.972+0600: 519.872: Total time for which application threads were stopped: 0.0001548 seconds, Stopping threads took: 0.0000223 seconds
2017-03-20T10:07:06.057+0600: 519.957: Total time for which application threads were stopped: 0.0001803 seconds, Stopping threads took: 0.0000256 seconds
2017-03-20T10:07:06.059+0600: 519.958: Total time for which application threads were stopped: 0.0000976 seconds, Stopping threads took: 0.0000271 seconds
2017-03-20T10:07:06.194+0600: 520.094: Total time for which application threads were stopped: 0.0002099 seconds, Stopping threads took: 0.0000230 seconds
2017-03-20T10:07:06.206+0600: 520.106: Total time for which application threads were stopped: 0.0001793 seconds, Stopping threads took: 0.0000212 seconds
{Heap before GC invocations=17 (full 1):
 par new generation   total 109248K, used 106346K [0x00000007a0000000, 0x00000007a8000000, 0x00000007a8000000)
  eden space 87424K, 100% used [0x00000007a0000000, 0x00000007a5560000, 0x00000007a5560000)
  from space 21824K,  86% used [0x00000007a6ab0000, 0x00000007a7d2abc0, 0x00000007a8000000)
  to   space 21824K,   0% used [0x00000007a5560000, 0x00000007a5560000, 0x00000007a6ab0000)
 concurrent mark-sweep generation total 393216K, used 97884K [0x00000007a8000000, 0x00000007c0000000, 0x00000007c0000000)
 Metaspace       used 34222K, capacity 34730K, committed 35196K, reserved 1081344K
  class space    used 3988K, capacity 4130K, committed 4220K, reserved 1048576K
2017-03-20T10:07:06.230+0600: 520.129: [GC (Allocation Failure) 2017-03-20T10:07:06.230+0600: 520.130: [ParNew
Desired survivor size 20112992 bytes, new threshold 8 (max 8)
- age   1:     965184 bytes,     965184 total
- age   2:        128 bytes,     965312 total
- age   3:       2296 bytes,     967608 total
- age   4:       1400 bytes,     969008 total
- age   5:        264 bytes,     969272 total
- age   6:    3088520 bytes,    4057792 total
- age   7:   10434704 bytes,   14492496 total
- age   8:    1236832 bytes,   15729328 total
: 106346K->21824K(109248K), 0.0119894 secs] 204231K->119876K(502464K), 0.0121063 secs] [Times: user=0.04 sys=0.00, real=0.01 secs] 
Heap after GC invocations=18 (full 1):
 par new generation   total 109248K, used 21824K [0x00000007a0000000, 0x00000007a8000000, 0x00000007a8000000)
  eden space 87424K,   0% used [0x00000007a0000000, 0x00000007a0000000, 0x00000007a5560000)
  from space 21824K, 100% used [0x00000007a5560000, 0x00000007a6ab0000, 0x00000007a6ab0000)
  to   space 21824K,   0% used [0x00000007a6ab0000, 0x00000007a6ab0000, 0x00000007a8000000)
 concurrent mark-sweep generation total 393216K, used 98052K [0x00000007a8000000, 0x00000007c0000000, 0x00000007c0000000)
 Metaspace       used 34222K, capacity 34730K, committed 35196K, reserved 1081344K
  class space    used 3988K, capacity 4130K, committed 4220K, reserved 1048576K
}
2017-03-20T10:07:06.242+0600: 520.142: Total time for which application threads were stopped: 0.0123857 seconds, Stopping threads took: 0.0000276 seconds
{Heap before GC invocations=18 (full 1):
 par new generation   total 109248K, used 109248K [0x00000007a0000000, 0x00000007a8000000, 0x00000007a8000000)
  eden space 87424K, 100% used [0x00000007a0000000, 0x00000007a5560000, 0x00000007a5560000)
  from space 21824K, 100% used [0x00000007a5560000, 0x00000007a6ab0000, 0x00000007a6ab0000)
  to   space 21824K,   0% used [0x00000007a6ab0000, 0x00000007a6ab0000, 0x00000007a8000000)
 concurrent mark-sweep generation total 393216K, used 98052K [0x00000007a8000000, 0x00000007c0000000, 0x00000007c0000000)
 Metaspace       used 34230K, capacity 34730K, committed 35196K, reserved 1081344K
  class space    used 3989K, capacity 4130K, committed 4220K, reserved 1048576K
2017-03-20T10:07:06.733+0600: 520.633: [GC (Allocation Failure) 2017-03-20T10:07:06.733+0600: 520.633: [ParNew
Desired survivor size 20112992 bytes, new threshold 8 (max 8)
- age   1:      20392 bytes,      20392 total
- age   2:     894672 bytes,     915064 total
- age   3:        128 bytes,     915192 total
- age   4:       2296 bytes,     917488 total
- age   5:       1400 bytes,     918888 total
- age   6:        264 bytes,     919152 total
- age   7:    3088520 bytes,    4007672 total
- age   8:   10434704 bytes,   14442376 total
: 109248K->18273K(109248K), 0.0094832 secs] 207300K->117534K(502464K), 0.0095775 secs] [Times: user=0.03 sys=0.00, real=0.01 secs] 
Heap after GC invocations=19 (full 1):
 par new generation   total 109248K, used 18273K [0x00000007a0000000, 0x00000007a8000000, 0x00000007a8000000)
  eden space 87424K,   0% used [0x00000007a0000000, 0x00000007a0000000, 0x00000007a5560000)
  from space 21824K,  83% used [0x00000007a6ab0000, 0x00000007a7c88740, 0x00000007a8000000)
  to   space 21824K,   0% used [0x00000007a5560000, 0x00000007a5560000, 0x00000007a6ab0000)
 concurrent mark-sweep generation total 393216K, used 99260K [0x00000007a8000000, 0x00000007c0000000, 0x00000007c0000000)
 Metaspace       used 34230K, capacity 34730K, committed 35196K, reserved 1081344K
  class space    used 3989K, capacity 4130K, committed 4220K, reserved 1048576K
}
2017-03-20T10:07:06.743+0600: 520.643: Total time for which application threads were stopped: 0.0098252 seconds, Stopping threads took: 0.0000456 seconds
{Heap before GC invocations=19 (full 1):
 par new generation   total 109248K, used 105697K [0x00000007a0000000, 0x00000007a8000000, 0x00000007a8000000)
  eden space 87424K, 100% used [0x00000007a0000000, 0x00000007a5560000, 0x00000007a5560000)
  from space 21824K,  83% used [0x00000007a6ab0000, 0x00000007a7c88740, 0x00000007a8000000)
  to   space 21824K,   0% used [0x00000007a5560000, 0x00000007a5560000, 0x00000007a6ab0000)
 concurrent mark-sweep generation total 393216K, used 99260K [0x00000007a8000000, 0x00000007c0000000, 0x00000007c0000000)
 Metaspace       used 34230K, capacity 34730K, committed 35196K, reserved 1081344K
  class space    used 3989K, capacity 4130K, committed 4220K, reserved 1048576K
2017-03-20T10:07:07.138+0600: 521.037: [GC (Allocation Failure) 2017-03-20T10:07:07.138+0600: 521.037: [ParNew
Desired survivor size 20112992 bytes, new threshold 8 (max 8)
- age   1:      18528 bytes,      18528 total
- age   2:      15008 bytes,      33536 total
- age   3:     892120 bytes,     925656 total
- age   4:        128 bytes,     925784 total
- age   5:       2296 bytes,     928080 total
- age   6:       1400 bytes,     929480 total
- age   7:        264 bytes,     929744 total
- age   8:    3121304 bytes,    4051048 total
: 105697K->12862K(109248K), 0.0161213 secs] 204958K->122314K(502464K), 0.0162092 secs] [Times: user=0.04 sys=0.01, real=0.02 secs] 
Heap after GC invocations=20 (full 1):
 par new generation   total 109248K, used 12862K [0x00000007a0000000, 0x00000007a8000000, 0x00000007a8000000)
  eden space 87424K,   0% used [0x00000007a0000000, 0x00000007a0000000, 0x00000007a5560000)
  from space 21824K,  58% used [0x00000007a5560000, 0x00000007a61ef8a0, 0x00000007a6ab0000)
  to   space 21824K,   0% used [0x00000007a6ab0000, 0x00000007a6ab0000, 0x00000007a8000000)
 concurrent mark-sweep generation total 393216K, used 109452K [0x00000007a8000000, 0x00000007c0000000, 0x00000007c0000000)
 Metaspace       used 34230K, capacity 34730K, committed 35196K, reserved 1081344K
  class space    used 3989K, capacity 4130K, committed 4220K, reserved 1048576K
}
2017-03-20T10:07:07.154+0600: 521.053: Total time for which application threads were stopped: 0.0164701 seconds, Stopping threads took: 0.0000450 seconds
{Heap before GC invocations=20 (full 1):
 par new generation   total 109248K, used 100286K [0x00000007a0000000, 0x00000007a8000000, 0x00000007a8000000)
  eden space 87424K, 100% used [0x00000007a0000000, 0x00000007a5560000, 0x00000007a5560000)
  from space 21824K,  58% used [0x00000007a5560000, 0x00000007a61ef8a0, 0x00000007a6ab0000)
  to   space 21824K,   0% used [0x00000007a6ab0000, 0x00000007a6ab0000, 0x00000007a8000000)
 concurrent mark-sweep generation total 393216K, used 109452K [0x00000007a8000000, 0x00000007c0000000, 0x00000007c0000000)
 Metaspace       used 34249K, capacity 34730K, committed 35196K, reserved 1081344K
  class space    used 3989K, capacity 4130K, committed 4220K, reserved 1048576K
2017-03-20T10:07:07.432+0600: 521.331: [GC (Allocation Failure) 2017-03-20T10:07:07.432+0600: 521.331: [ParNew
Desired survivor size 20112992 bytes, new threshold 8 (max 8)
- age   1:      13384 bytes,      13384 total
- age   2:      10920 bytes,      24304 total
- age   3:      12480 bytes,      36784 total
- age   4:     892120 bytes,     928904 total
- age   5:        128 bytes,     929032 total
- age   6:       2296 bytes,     931328 total
- age   7:       1400 bytes,     932728 total
- age   8:        264 bytes,     932992 total
: 100286K->3706K(109248K), 0.0088453 secs] 209738K->116175K(502464K), 0.0089281 secs] [Times: user=0.03 sys=0.01, real=0.01 secs] 
Heap after GC invocations=21 (full 1):
 par new generation   total 109248K, used 3706K [0x00000007a0000000, 0x00000007a8000000, 0x00000007a8000000)
  eden space 87424K,   0% used [0x00000007a0000000, 0x00000007a0000000, 0x00000007a5560000)
  from space 21824K,  16% used [0x00000007a6ab0000, 0x00000007a6e4e820, 0x00000007a8000000)
  to   space 21824K,   0% used [0x00000007a5560000, 0x00000007a5560000, 0x00000007a6ab0000)
 concurrent mark-sweep generation total 393216K, used 112469K [0x00000007a8000000, 0x00000007c0000000, 0x00000007c0000000)
 Metaspace       used 34249K, capacity 34730K, committed 35196K, reserved 1081344K
  class space    used 3989K, capacity 4130K, committed 4220K, reserved 1048576K
}
2017-03-20T10:07:07.441+0600: 521.340: Total time for which application threads were stopped: 0.0091453 seconds, Stopping threads took: 0.0000233 seconds
{Heap before GC invocations=21 (full 1):
 par new generation   total 109248K, used 91130K [0x00000007a0000000, 0x00000007a8000000, 0x00000007a8000000)
  eden space 87424K, 100% used [0x00000007a0000000, 0x00000007a5560000, 0x00000007a5560000)
  from space 21824K,  16% used [0x00000007a6ab0000, 0x00000007a6e4e820, 0x00000007a8000000)
  to   space 21824K,   0% used [0x00000007a5560000, 0x00000007a5560000, 0x00000007a6ab0000)
 concurrent mark-sweep generation total 393216K, used 112469K [0x00000007a8000000, 0x00000007c0000000, 0x00000007c0000000)
 Metaspace       used 34249K, capacity 34730K, committed 35196K, reserved 1081344K
  class space    used 3989K, capacity 4130K, committed 4220K, reserved 1048576K
2017-03-20T10:07:07.679+0600: 521.578: [GC (Allocation Failure) 2017-03-20T10:07:07.679+0600: 521.578: [ParNew
Desired survivor size 20112992 bytes, new threshold 8 (max 8)
- age   1:      16808 bytes,      16808 total
- age   2:       8176 bytes,      24984 total
- age   3:       5856 bytes,      30840 total
- age   4:      12336 bytes,      43176 total
- age   5:     890776 bytes,     933952 total
- age   6:        128 bytes,     934080 total
- age   7:       2296 bytes,     936376 total
- age   8:       1400 bytes,     937776 total
: 91130K->1820K(109248K), 0.0103855 secs] 203599K->114290K(502464K), 0.0104585 secs] [Times: user=0.04 sys=0.00, real=0.01 secs] 
Heap after GC invocations=22 (full 1):
 par new generation   total 109248K, used 1820K [0x00000007a0000000, 0x00000007a8000000, 0x00000007a8000000)
  eden space 87424K,   0% used [0x00000007a0000000, 0x00000007a0000000, 0x00000007a5560000)
  from space 21824K,   8% used [0x00000007a5560000, 0x00000007a57272a0, 0x00000007a6ab0000)
  to   space 21824K,   0% used [0x00000007a6ab0000, 0x00000007a6ab0000, 0x00000007a8000000)
 concurrent mark-sweep generation total 393216K, used 112470K [0x00000007a8000000, 0x00000007c0000000, 0x00000007c0000000)
 Metaspace       used 34249K, capacity 34730K, committed 35196K, reserved 1081344K
  class space    used 3989K, capacity 4130K, committed 4220K, reserved 1048576K
}
2017-03-20T10:07:07.689+0600: 521.589: Total time for which application threads were stopped: 0.0106992 seconds, Stopping threads took: 0.0000240 seconds
{Heap before GC invocations=22 (full 1):
 par new generation   total 109248K, used 89244K [0x00000007a0000000, 0x00000007a8000000, 0x00000007a8000000)
  eden space 87424K, 100% used [0x00000007a0000000, 0x00000007a5560000, 0x00000007a5560000)
  from space 21824K,   8% used [0x00000007a5560000, 0x00000007a57272a0, 0x00000007a6ab0000)
  to   space 21824K,   0% used [0x00000007a6ab0000, 0x00000007a6ab0000, 0x00000007a8000000)
 concurrent mark-sweep generation total 393216K, used 112470K [0x00000007a8000000, 0x00000007c0000000, 0x00000007c0000000)
 Metaspace       used 34249K, capacity 34730K, committed 35196K, reserved 1081344K
  class space    used 3989K, capacity 4130K, committed 4220K, reserved 1048576K
2017-03-20T10:07:07.856+0600: 521.756: [GC (Allocation Failure) 2017-03-20T10:07:07.856+0600: 521.756: [ParNew
Desired survivor size 20112992 bytes, new threshold 8 (max 8)
- age   1:      21192 bytes,      21192 total
- age   2:      11712 bytes,      32904 total
- age   3:       3672 bytes,      36576 total
- age   4:       4032 bytes,      40608 total
- age   5:      10592 bytes,      51200 total
- age   6:     890448 bytes,     941648 total
- age   7:        128 bytes,     941776 total
- age   8:       2296 bytes,     944072 total
: 89244K->1187K(109248K), 0.0082536 secs] 201714K->113658K(502464K), 0.0083291 secs] [Times: user=0.03 sys=0.00, real=0.01 secs] 
Heap after GC invocations=23 (full 1):
 par new generation   total 109248K, used 1187K [0x00000007a0000000, 0x00000007a8000000, 0x00000007a8000000)
  eden space 87424K,   0% used [0x00000007a0000000, 0x00000007a0000000, 0x00000007a5560000)
  from space 21824K,   5% used [0x00000007a6ab0000, 0x00000007a6bd8d98, 0x00000007a8000000)
  to   space 21824K,   0% used [0x00000007a5560000, 0x00000007a5560000, 0x00000007a6ab0000)
 concurrent mark-sweep generation total 393216K, used 112471K [0x00000007a8000000, 0x00000007c0000000, 0x00000007c0000000)
 Metaspace       used 34249K, capacity 34730K, committed 35196K, reserved 1081344K
  class space    used 3989K, capacity 4130K, committed 4220K, reserved 1048576K
}
2017-03-20T10:07:07.865+0600: 521.764: Total time for which application threads were stopped: 0.0085250 seconds, Stopping threads took: 0.0000224 seconds
{Heap before GC invocations=23 (full 1):
 par new generation   total 109248K, used 88611K [0x00000007a0000000, 0x00000007a8000000, 0x00000007a8000000)
  eden space 87424K, 100% used [0x00000007a0000000, 0x00000007a5560000, 0x00000007a5560000)
  from space 21824K,   5% used [0x00000007a6ab0000, 0x00000007a6bd8d98, 0x00000007a8000000)
  to   space 21824K,   0% used [0x00000007a5560000, 0x00000007a5560000, 0x00000007a6ab0000)
 concurrent mark-sweep generation total 393216K, used 112471K [0x00000007a8000000, 0x00000007c0000000, 0x00000007c0000000)
 Metaspace       used 34249K, capacity 34730K, committed 35196K, reserved 1081344K
  class space    used 3989K, capacity 4130K, committed 4220K, reserved 1048576K
2017-03-20T10:07:08.028+0600: 521.927: [GC (Allocation Failure) 2017-03-20T10:07:08.028+0600: 521.927: [ParNew
Desired survivor size 20112992 bytes, new threshold 8 (max 8)
- age   1:      14344 bytes,      14344 total
- age   2:      10952 bytes,      25296 total
- age   3:       8384 bytes,      33680 total
- age   4:       3672 bytes,      37352 total
- age   5:       4032 bytes,      41384 total
- age   6:      10472 bytes,      51856 total
- age   7:     890368 bytes,     942224 total
- age   8:        128 bytes,     942352 total
: 88611K->1399K(109248K), 0.0081927 secs] 201082K->113872K(502464K), 0.0082565 secs] [Times: user=0.03 sys=0.00, real=0.01 secs] 
Heap after GC invocations=24 (full 1):
 par new generation   total 109248K, used 1399K [0x00000007a0000000, 0x00000007a8000000, 0x00000007a8000000)
  eden space 87424K,   0% used [0x00000007a0000000, 0x00000007a0000000, 0x00000007a5560000)
  from space 21824K,   6% used [0x00000007a5560000, 0x00000007a56bdc10, 0x00000007a6ab0000)
  to   space 21824K,   0% used [0x00000007a6ab0000, 0x00000007a6ab0000, 0x00000007a8000000)
 concurrent mark-sweep generation total 393216K, used 112473K [0x00000007a8000000, 0x00000007c0000000, 0x00000007c0000000)
 Metaspace       used 34249K, capacity 34730K, committed 35196K, reserved 1081344K
  class space    used 3989K, capacity 4130K, committed 4220K, reserved 1048576K
}
2017-03-20T10:07:08.036+0600: 521.935: Total time for which application threads were stopped: 0.0084588 seconds, Stopping threads took: 0.0000219 seconds
{Heap before GC invocations=24 (full 1):
 par new generation   total 109248K, used 88823K [0x00000007a0000000, 0x00000007a8000000, 0x00000007a8000000)
  eden space 87424K, 100% used [0x00000007a0000000, 0x00000007a5560000, 0x00000007a5560000)
  from space 21824K,   6% used [0x00000007a5560000, 0x00000007a56bdc10, 0x00000007a6ab0000)
  to   space 21824K,   0% used [0x00000007a6ab0000, 0x00000007a6ab0000, 0x00000007a8000000)
 concurrent mark-sweep generation total 393216K, used 112473K [0x00000007a8000000, 0x00000007c0000000, 0x00000007c0000000)
 Metaspace       used 34249K, capacity 34730K, committed 35196K, reserved 1081344K
  class space    used 3989K, capacity 4130K, committed 4220K, reserved 1048576K
2017-03-20T10:07:08.188+0600: 522.087: [GC (Allocation Failure) 2017-03-20T10:07:08.188+0600: 522.087: [ParNew
Desired survivor size 20112992 bytes, new threshold 8 (max 8)
- age   1:       9912 bytes,       9912 total
- age   2:      13656 bytes,      23568 total
- age   3:       9080 bytes,      32648 total
- age   4:       6816 bytes,      39464 total
- age   5:       3672 bytes,      43136 total
- age   6:       4032 bytes,      47168 total
- age   7:      10184 bytes,      57352 total
- age   8:     890368 bytes,     947720 total
: 88823K->1151K(109248K), 0.0096980 secs] 201296K->113625K(502464K), 0.0097816 secs] [Times: user=0.02 sys=0.00, real=0.01 secs] 
Heap after GC invocations=25 (full 1):
 par new generation   total 109248K, used 1151K [0x00000007a0000000, 0x00000007a8000000, 0x00000007a8000000)
  eden space 87424K,   0% used [0x00000007a0000000, 0x00000007a0000000, 0x00000007a5560000)
  from space 21824K,   5% used [0x00000007a6ab0000, 0x00000007a6bcff48, 0x00000007a8000000)
  to   space 21824K,   0% used [0x00000007a5560000, 0x00000007a5560000, 0x00000007a6ab0000)
 concurrent mark-sweep generation total 393216K, used 112473K [0x00000007a8000000, 0x00000007c0000000, 0x00000007c0000000)
 Metaspace       used 34249K, capacity 34730K, committed 35196K, reserved 1081344K
  class space    used 3989K, capacity 4130K, committed 4220K, reserved 1048576K
}
2017-03-20T10:07:08.198+0600: 522.097: Total time for which application threads were stopped: 0.0099714 seconds, Stopping threads took: 0.0000210 seconds
{Heap before GC invocations=25 (full 1):
 par new generation   total 109248K, used 88575K [0x00000007a0000000, 0x00000007a8000000, 0x00000007a8000000)
  eden space 87424K, 100% used [0x00000007a0000000, 0x00000007a5560000, 0x00000007a5560000)
  from space 21824K,   5% used [0x00000007a6ab0000, 0x00000007a6bcff48, 0x00000007a8000000)
  to   space 21824K,   0% used [0x00000007a5560000, 0x00000007a5560000, 0x00000007a6ab0000)
 concurrent mark-sweep generation total 393216K, used 112473K [0x00000007a8000000, 0x00000007c0000000, 0x00000007c0000000)
 Metaspace       used 34249K, capacity 34730K, committed 35196K, reserved 1081344K
  class space    used 3989K, capacity 4130K, committed 4220K, reserved 1048576K
2017-03-20T10:07:08.346+0600: 522.245: [GC (Allocation Failure) 2017-03-20T10:07:08.346+0600: 522.245: [ParNew
Desired survivor size 20112992 bytes, new threshold 8 (max 8)
- age   1:       6040 bytes,       6040 total
- age   2:       8920 bytes,      14960 total
- age   3:      13656 bytes,      28616 total
- age   4:       9080 bytes,      37696 total
- age   5:       6816 bytes,      44512 total
- age   6:       1328 bytes,      45840 total
- age   7:       4032 bytes,      49872 total
- age   8:      10184 bytes,      60056 total
: 88575K->743K(109248K), 0.0081952 secs] 201049K->114091K(502464K), 0.0082796 secs] [Times: user=0.03 sys=0.00, real=0.01 secs] 
Heap after GC invocations=26 (full 1):
 par new generation   total 109248K, used 743K [0x00000007a0000000, 0x00000007a8000000, 0x00000007a8000000)
  eden space 87424K,   0% used [0x00000007a0000000, 0x00000007a0000000, 0x00000007a5560000)
  from space 21824K,   3% used [0x00000007a5560000, 0x00000007a5619f60, 0x00000007a6ab0000)
  to   space 21824K,   0% used [0x00000007a6ab0000, 0x00000007a6ab0000, 0x00000007a8000000)
 concurrent mark-sweep generation total 393216K, used 113347K [0x00000007a8000000, 0x00000007c0000000, 0x00000007c0000000)
 Metaspace       used 34249K, capacity 34730K, committed 35196K, reserved 1081344K
  class space    used 3989K, capacity 4130K, committed 4220K, reserved 1048576K
}
2017-03-20T10:07:08.354+0600: 522.253: Total time for which application threads were stopped: 0.0084677 seconds, Stopping threads took: 0.0000215 seconds
{Heap before GC invocations=26 (full 1):
 par new generation   total 109248K, used 88167K [0x00000007a0000000, 0x00000007a8000000, 0x00000007a8000000)
  eden space 87424K, 100% used [0x00000007a0000000, 0x00000007a5560000, 0x00000007a5560000)
  from space 21824K,   3% used [0x00000007a5560000, 0x00000007a5619f60, 0x00000007a6ab0000)
  to   space 21824K,   0% used [0x00000007a6ab0000, 0x00000007a6ab0000, 0x00000007a8000000)
 concurrent mark-sweep generation total 393216K, used 113347K [0x00000007a8000000, 0x00000007c0000000, 0x00000007c0000000)
 Metaspace       used 34249K, capacity 34730K, committed 35196K, reserved 1081344K
  class space    used 3989K, capacity 4130K, committed 4220K, reserved 1048576K
2017-03-20T10:07:08.570+0600: 522.469: [GC (Allocation Failure) 2017-03-20T10:07:08.570+0600: 522.469: [ParNew
Desired survivor size 20112992 bytes, new threshold 8 (max 8)
- age   1:    2516208 bytes,    2516208 total
- age   2:       2896 bytes,    2519104 total
- age   3:       6680 bytes,    2525784 total
- age   4:      13656 bytes,    2539440 total
- age   5:       9080 bytes,    2548520 total
- age   6:       6816 bytes,    2555336 total
- age   7:       1328 bytes,    2556664 total
- age   8:       4032 bytes,    2560696 total
: 88167K->2590K(109248K), 0.0084942 secs] 201515K->115948K(502464K), 0.0085568 secs] [Times: user=0.03 sys=0.00, real=0.00 secs] 
Heap after GC invocations=27 (full 1):
 par new generation   total 109248K, used 2590K [0x00000007a0000000, 0x00000007a8000000, 0x00000007a8000000)
  eden space 87424K,   0% used [0x00000007a0000000, 0x00000007a0000000, 0x00000007a5560000)
  from space 21824K,  11% used [0x00000007a6ab0000, 0x00000007a6d37b80, 0x00000007a8000000)
  to   space 21824K,   0% used [0x00000007a5560000, 0x00000007a5560000, 0x00000007a6ab0000)
 concurrent mark-sweep generation total 393216K, used 113357K [0x00000007a8000000, 0x00000007c0000000, 0x00000007c0000000)
 Metaspace       used 34249K, capacity 34730K, committed 35196K, reserved 1081344K
  class space    used 3989K, capacity 4130K, committed 4220K, reserved 1048576K
}
2017-03-20T10:07:08.578+0600: 522.478: Total time for which application threads were stopped: 0.0087625 seconds, Stopping threads took: 0.0000370 seconds
2017-03-20T10:07:09.209+0600: 523.109: Total time for which application threads were stopped: 0.0002227 seconds, Stopping threads took: 0.0000421 seconds
{Heap before GC invocations=27 (full 1):
 par new generation   total 109248K, used 90014K [0x00000007a0000000, 0x00000007a8000000, 0x00000007a8000000)
  eden space 87424K, 100% used [0x00000007a0000000, 0x00000007a5560000, 0x00000007a5560000)
  from space 21824K,  11% used [0x00000007a6ab0000, 0x00000007a6d37b80, 0x00000007a8000000)
  to   space 21824K,   0% used [0x00000007a5560000, 0x00000007a5560000, 0x00000007a6ab0000)
 concurrent mark-sweep generation total 393216K, used 113357K [0x00000007a8000000, 0x00000007c0000000, 0x00000007c0000000)
 Metaspace       used 34261K, capacity 34730K, committed 35196K, reserved 1081344K
  class space    used 3990K, capacity 4130K, committed 4220K, reserved 1048576K
2017-03-20T10:07:09.405+0600: 523.305: [GC (Allocation Failure) 2017-03-20T10:07:09.405+0600: 523.305: [ParNew
Desired survivor size 20112992 bytes, new threshold 8 (max 8)
- age   1:    3232200 bytes,    3232200 total
- age   2:     302080 bytes,    3534280 total
- age   3:       2896 bytes,    3537176 total
- age   4:       6680 bytes,    3543856 total
- age   5:      13656 bytes,    3557512 total
- age   6:       9080 bytes,    3566592 total
- age   7:       6816 bytes,    3573408 total
- age   8:       1328 bytes,    3574736 total
: 90014K->3524K(109248K), 0.0080203 secs] 203372K->116885K(502464K), 0.0081118 secs] [Times: user=0.03 sys=0.00, real=0.01 secs] 
Heap after GC invocations=28 (full 1):
 par new generation   total 109248K, used 3524K [0x00000007a0000000, 0x00000007a8000000, 0x00000007a8000000)
  eden space 87424K,   0% used [0x00000007a0000000, 0x00000007a0000000, 0x00000007a5560000)
  from space 21824K,  16% used [0x00000007a5560000, 0x00000007a58d1170, 0x00000007a6ab0000)
  to   space 21824K,   0% used [0x00000007a6ab0000, 0x00000007a6ab0000, 0x00000007a8000000)
 concurrent mark-sweep generation total 393216K, used 113361K [0x00000007a8000000, 0x00000007c0000000, 0x00000007c0000000)
 Metaspace       used 34261K, capacity 34730K, committed 35196K, reserved 1081344K
  class space    used 3990K, capacity 4130K, committed 4220K, reserved 1048576K
}
2017-03-20T10:07:09.413+0600: 523.313: Total time for which application threads were stopped: 0.0083218 seconds, Stopping threads took: 0.0000307 seconds
{Heap before GC invocations=28 (full 1):
 par new generation   total 109248K, used 90948K [0x00000007a0000000, 0x00000007a8000000, 0x00000007a8000000)
  eden space 87424K, 100% used [0x00000007a0000000, 0x00000007a5560000, 0x00000007a5560000)
  from space 21824K,  16% used [0x00000007a5560000, 0x00000007a58d1170, 0x00000007a6ab0000)
  to   space 21824K,   0% used [0x00000007a6ab0000, 0x00000007a6ab0000, 0x00000007a8000000)
 concurrent mark-sweep generation total 393216K, used 113361K [0x00000007a8000000, 0x00000007c0000000, 0x00000007c0000000)
 Metaspace       used 34262K, capacity 34730K, committed 35196K, reserved 1081344K
  class space    used 3990K, capacity 4130K, committed 4220K, reserved 1048576K
2017-03-20T10:07:09.940+0600: 523.839: [GC (Allocation Failure) 2017-03-20T10:07:09.940+0600: 523.839: [ParNew
Desired survivor size 20112992 bytes, new threshold 8 (max 8)
- age   1:    5093008 bytes,    5093008 total
- age   2:    1780960 bytes,    6873968 total
- age   3:     302080 bytes,    7176048 total
- age   4:       2896 bytes,    7178944 total
- age   5:       6680 bytes,    7185624 total
- age   6:      13656 bytes,    7199280 total
- age   7:       9080 bytes,    7208360 total
- age   8:       6816 bytes,    7215176 total
: 90948K->7162K(109248K), 0.0084969 secs] 204309K->120524K(502464K), 0.0085695 secs] [Times: user=0.02 sys=0.00, real=0.00 secs] 
Heap after GC invocations=29 (full 1):
 par new generation   total 109248K, used 7162K [0x00000007a0000000, 0x00000007a8000000, 0x00000007a8000000)
  eden space 87424K,   0% used [0x00000007a0000000, 0x00000007a0000000, 0x00000007a5560000)
  from space 21824K,  32% used [0x00000007a6ab0000, 0x00000007a71ae868, 0x00000007a8000000)
  to   space 21824K,   0% used [0x00000007a5560000, 0x00000007a5560000, 0x00000007a6ab0000)
 concurrent mark-sweep generation total 393216K, used 113362K [0x00000007a8000000, 0x00000007c0000000, 0x00000007c0000000)
 Metaspace       used 34262K, capacity 34730K, committed 35196K, reserved 1081344K
  class space    used 3990K, capacity 4130K, committed 4220K, reserved 1048576K
}
2017-03-20T10:07:09.949+0600: 523.848: Total time for which application threads were stopped: 0.0087726 seconds, Stopping threads took: 0.0000233 seconds
2017-03-20T10:07:10.375+0600: 524.275: Total time for which application threads were stopped: 0.0001326 seconds, Stopping threads took: 0.0000187 seconds
2017-03-20T10:07:10.376+0600: 524.275: Total time for which application threads were stopped: 0.0000664 seconds, Stopping threads took: 0.0000125 seconds
2017-03-20T10:07:10.376+0600: 524.275: Total time for which application threads were stopped: 0.0000986 seconds, Stopping threads took: 0.0000350 seconds
2017-03-20T10:07:10.376+0600: 524.275: Total time for which application threads were stopped: 0.0000920 seconds, Stopping threads took: 0.0000293 seconds
2017-03-20T10:07:10.376+0600: 524.276: Total time for which application threads were stopped: 0.0000897 seconds, Stopping threads took: 0.0000277 seconds
2017-03-20T10:07:10.376+0600: 524.276: Total time for which application threads were stopped: 0.0000720 seconds, Stopping threads took: 0.0000260 seconds
2017-03-20T10:07:10.377+0600: 524.276: Total time for which application threads were stopped: 0.0001299 seconds, Stopping threads took: 0.0000688 seconds
2017-03-20T10:07:10.377+0600: 524.276: Total time for which application threads were stopped: 0.0000893 seconds, Stopping threads took: 0.0000303 seconds
2017-03-20T10:07:10.377+0600: 524.276: Total time for which application threads were stopped: 0.0000866 seconds, Stopping threads took: 0.0000281 seconds
2017-03-20T10:07:10.377+0600: 524.276: Total time for which application threads were stopped: 0.0000655 seconds, Stopping threads took: 0.0000205 seconds
2017-03-20T10:07:11.377+0600: 525.277: Total time for which application threads were stopped: 0.0001453 seconds, Stopping threads took: 0.0000291 seconds
2017-03-20T10:07:58.495+0600: 572.393: Total time for which application threads were stopped: 0.0002768 seconds, Stopping threads took: 0.0000844 seconds
{Heap before GC invocations=29 (full 1):
 par new generation   total 109248K, used 94558K [0x00000007a0000000, 0x00000007a8000000, 0x00000007a8000000)
  eden space 87424K,  99% used [0x00000007a0000000, 0x00000007a55591e8, 0x00000007a5560000)
  from space 21824K,  32% used [0x00000007a6ab0000, 0x00000007a71ae868, 0x00000007a8000000)
  to   space 21824K,   0% used [0x00000007a5560000, 0x00000007a5560000, 0x00000007a6ab0000)
 concurrent mark-sweep generation total 393216K, used 113362K [0x00000007a8000000, 0x00000007c0000000, 0x00000007c0000000)
 Metaspace       used 34313K, capacity 34826K, committed 35196K, reserved 1081344K
  class space    used 3996K, capacity 4162K, committed 4220K, reserved 1048576K
2017-03-20T10:07:58.501+0600: 572.399: [GC (Allocation Failure) 2017-03-20T10:07:58.501+0600: 572.399: [ParNew
Desired survivor size 20112992 bytes, new threshold 8 (max 8)
- age   1:    2197552 bytes,    2197552 total
- age   2:    2032608 bytes,    4230160 total
- age   3:    1686968 bytes,    5917128 total
- age   4:     302048 bytes,    6219176 total
- age   5:       2864 bytes,    6222040 total
- age   6:       6648 bytes,    6228688 total
- age   7:      13624 bytes,    6242312 total
- age   8:       9048 bytes,    6251360 total
: 94558K->6176K(109248K), 0.0099533 secs] 207921K->119545K(502464K), 0.0100500 secs] [Times: user=0.02 sys=0.00, real=0.01 secs] 
